src/components/ErrorBoundary.tsx(43,29): error TS2379: Argument of type '{ error: string; stack: string | undefined; componentStack: string | null | undefined; timestamp: string; }' is not assignable to parameter of type '{ error: string; stack?: string; componentStack?: string | null; timestamp: string; }' with 'exactOptionalPropertyTypes: true'. Consider adding 'undefined' to the types of the target's properties.
  Types of property 'stack' are incompatible.
    Type 'string | undefined' is not assignable to type 'string'.
      Type 'undefined' is not assignable to type 'string'.
src/components/patterns/InstitutionalHeader.tsx(16,29): error TS2345: Argument of type 'IPCResult<SchoolSettings>' is not assignable to parameter of type 'SetStateAction<SchoolSettings | null>'.
  Type '{ success: false; error: string; errors?: string[]; }' is not assignable to type 'SetStateAction<SchoolSettings | null>'.
src/components/patterns/StatCard.tsx(76,26): error TS2375: Type '{ trend: "up" | "down" | undefined; trendLabel: string | undefined; }' is not assignable to type 'Readonly<{ trend?: "up" | "down"; trendLabel?: string; }>' with 'exactOptionalPropertyTypes: true'. Consider adding 'undefined' to the types of the target's properties.
  Types of property 'trend' are incompatible.
    Type '"up" | "down" | undefined' is not assignable to type '"up" | "down"'.
      Type 'undefined' is not assignable to type '"up" | "down"'.
src/components/ui/Table/DataTable.tsx(237,50): error TS2379: Argument of type '{ onPageChange: ((page: number) => void) | undefined; onPageSizeChange: ((size: number) => void) | undefined; onSelectionChange: ((selectedIds: Set<number | string>) => void) | undefined; onSort: ((key: string, direction: "asc" | "desc") => void) | undefined; selectedIds: Set<...>; sortable: boolean; }' is not assignable to parameter of type 'DataTableBaseProps' with 'exactOptionalPropertyTypes: true'. Consider adding 'undefined' to the types of the target's properties.
  Types of property 'onPageChange' are incompatible.
    Type '((page: number) => void) | undefined' is not assignable to type '(page: number) => void'.
      Type 'undefined' is not assignable to type '(page: number) => void'.
src/components/ui/Table/DataTable.tsx(530,14): error TS2375: Type '{ controller: DataTableController<T>; onExport: ((format: "csv" | "excel" | "pdf") => void) | undefined; }' is not assignable to type 'Readonly<DataTableToolbarProps<T>>' with 'exactOptionalPropertyTypes: true'. Consider adding 'undefined' to the types of the target's properties.
  Types of property 'onExport' are incompatible.
    Type '((format: "csv" | "excel" | "pdf") => void) | undefined' is not assignable to type '(format: "csv" | "excel" | "pdf") => void'.
      Type 'undefined' is not assignable to type '(format: "csv" | "excel" | "pdf") => void'.
src/components/ui/Table/DataTable.tsx(531,14): error TS2375: Type '{ controller: DataTableController<T>; data: T[]; selectable: boolean; selectedIds: Set<string | number>; sortable: boolean; rowClassName: ((row: T, index: number) => string) | undefined; onRowClick: ((row: T) => void) | undefined; compact: boolean; stickyHeader: boolean; }' is not assignable to type 'Readonly<DataTableGridProps<T>>' with 'exactOptionalPropertyTypes: true'. Consider adding 'undefined' to the types of the target's properties.
  Types of property 'rowClassName' are incompatible.
    Type '((row: T, index: number) => string) | undefined' is not assignable to type '(row: T, index: number) => string'.
      Type 'undefined' is not assignable to type '(row: T, index: number) => string'.
src/pages/Academic/AwardsManagement.tsx(67,64): error TS2379: Argument of type '{ academicYearId: number | undefined; termId: number | undefined; status: string | undefined; }' is not assignable to parameter of type '{ academicYearId?: number; termId?: number; status?: string; }' with 'exactOptionalPropertyTypes: true'. Consider adding 'undefined' to the types of the target's properties.
  Types of property 'academicYearId' are incompatible.
    Type 'number | undefined' is not assignable to type 'number'.
      Type 'undefined' is not assignable to type 'number'.
src/pages/Academic/AwardsManagement.tsx(82,44): error TS2379: Argument of type '{ stream_id: undefined; }' is not assignable to parameter of type 'StudentFilters' with 'exactOptionalPropertyTypes: true'. Consider adding 'undefined' to the types of the target's properties.
  Types of property 'stream_id' are incompatible.
    Type 'undefined' is not assignable to type 'number'.
src/pages/Academic/AwardsManagement.tsx(112,49): error TS2379: Argument of type '{ studentId: number; categoryId: number; academicYearId: number; termId: number | undefined; userId: number | undefined; userRole: string; remarks: string; }' is not assignable to parameter of type '{ studentId: number; categoryId: number; academicYearId: number; termId?: number; userId?: number; userRole?: string; remarks?: string; }' with 'exactOptionalPropertyTypes: true'. Consider adding 'undefined' to the types of the target's properties.
  Types of property 'termId' are incompatible.
    Type 'number | undefined' is not assignable to type 'number'.
      Type 'undefined' is not assignable to type 'number'.
src/pages/Academic/AwardsManagement.tsx(138,49): error TS2379: Argument of type '{ awardId: number; userId: number | undefined; }' is not assignable to parameter of type '{ awardId: number; userId?: number; }' with 'exactOptionalPropertyTypes: true'. Consider adding 'undefined' to the types of the target's properties.
  Types of property 'userId' are incompatible.
    Type 'number | undefined' is not assignable to type 'number'.
      Type 'undefined' is not assignable to type 'number'.
src/pages/Academic/AwardsManagement.tsx(166,48): error TS2379: Argument of type '{ awardId: number; userId: number | undefined; reason: string; }' is not assignable to parameter of type '{ awardId: number; userId?: number; reason: string; }' with 'exactOptionalPropertyTypes: true'. Consider adding 'undefined' to the types of the target's properties.
  Types of property 'userId' are incompatible.
    Type 'number | undefined' is not assignable to type 'number'.
      Type 'undefined' is not assignable to type 'number'.
src/pages/Academic/ExamAnalytics.tsx(68,41): error TS2379: Argument of type '{ academicYearId: number | undefined; termId: number | undefined; }' is not assignable to parameter of type '{ academicYearId?: number; termId?: number; }' with 'exactOptionalPropertyTypes: true'. Consider adding 'undefined' to the types of the target's properties.
  Types of property 'academicYearId' are incompatible.
    Type 'number | undefined' is not assignable to type 'number'.
      Type 'undefined' is not assignable to type 'number'.
src/pages/Academic/ExamScheduler.tsx(63,63): error TS2379: Argument of type '{ academicYearId: number | undefined; termId: number | undefined; }' is not assignable to parameter of type '{ academicYearId?: number; termId?: number; }' with 'exactOptionalPropertyTypes: true'. Consider adding 'undefined' to the types of the target's properties.
  Types of property 'academicYearId' are incompatible.
    Type 'number | undefined' is not assignable to type 'number'.
      Type 'undefined' is not assignable to type 'number'.
src/pages/Academic/MostImproved.tsx(85,77): error TS2379: Argument of type '{ academicYearId: number; currentTermId: number; comparisonTermId: number; streamId: number | undefined; minimumImprovement: number; }' is not assignable to parameter of type '{ academicYearId: number; currentTermId: number; comparisonTermId: number; streamId?: number; minimumImprovement: number; }' with 'exactOptionalPropertyTypes: true'. Consider adding 'undefined' to the types of the target's properties.
  Types of property 'streamId' are incompatible.
    Type 'number | undefined' is not assignable to type 'number'.
      Type 'undefined' is not assignable to type 'number'.
src/pages/Academic/ReportCardAnalytics.tsx(66,41): error TS2379: Argument of type '{ academicYearId: number | undefined; termId: number | undefined; }' is not assignable to parameter of type '{ academicYearId?: number; termId?: number; }' with 'exactOptionalPropertyTypes: true'. Consider adding 'undefined' to the types of the target's properties.
  Types of property 'academicYearId' are incompatible.
    Type 'number | undefined' is not assignable to type 'number'.
      Type 'undefined' is not assignable to type 'number'.
src/pages/Academic/ReportCardAnalytics.tsx(244,26): error TS2375: Type '{ value: number; height: string; fillClass: string | undefined; }' is not assignable to type 'Readonly<ProgressBarProps>' with 'exactOptionalPropertyTypes: true'. Consider adding 'undefined' to the types of the target's properties.
  Types of property 'fillClass' are incompatible.
    Type 'string | undefined' is not assignable to type 'string'.
      Type 'undefined' is not assignable to type 'string'.
src/pages/Academic/SubjectMeritLists.tsx(62,41): error TS2379: Argument of type '{ academicYearId: number | undefined; termId: number | undefined; }' is not assignable to parameter of type '{ academicYearId?: number; termId?: number; }' with 'exactOptionalPropertyTypes: true'. Consider adding 'undefined' to the types of the target's properties.
  Types of property 'academicYearId' are incompatible.
    Type 'number | undefined' is not assignable to type 'number'.
      Type 'undefined' is not assignable to type 'number'.
src/pages/Attendance/index.tsx(206,17): error TS2345: Argument of type '{ student_id: number; status: AttendanceStatus; notes: string | undefined; }[]' is not assignable to parameter of type 'AttendanceEntry[]'.
  Type '{ student_id: number; status: AttendanceStatus; notes: string | undefined; }' is not assignable to type 'AttendanceEntry' with 'exactOptionalPropertyTypes: true'. Consider adding 'undefined' to the types of the target's properties.
    Types of property 'notes' are incompatible.
      Type 'string | undefined' is not assignable to type 'string'.
        Type 'undefined' is not assignable to type 'string'.
src/pages/Finance/AssetHire.tsx(113,71): error TS2379: Argument of type '{ distance_km: number | undefined; total_amount: number; asset_id: number; client_id: number; hire_date: string; return_date: string; purpose: string; destination: string; }' is not assignable to parameter of type 'Partial<HireBooking>' with 'exactOptionalPropertyTypes: true'. Consider adding 'undefined' to the types of the target's properties.
  Types of property 'distance_km' are incompatible.
    Type 'number | undefined' is not assignable to type 'number'.
      Type 'undefined' is not assignable to type 'number'.
src/pages/Finance/AssetHire.tsx(151,13): error TS2379: Argument of type '{ amount: number; payment_method: string; payment_reference: string; payment_date: string | undefined; }' is not assignable to parameter of type 'Partial<HirePayment>' with 'exactOptionalPropertyTypes: true'. Consider adding 'undefined' to the types of the target's properties.
  Types of property 'payment_date' are incompatible.
    Type 'string | undefined' is not assignable to type 'string'.
      Type 'undefined' is not assignable to type 'string'.
src/pages/Finance/Budget/CreateBudget.tsx(106,70): error TS2379: Argument of type '{ budget_name: string; academic_year_id: number; term_id: number | undefined; notes: string | undefined; line_items: { budgeted_amount: number; category_id: number; description: string; notes?: string; }[]; }' is not assignable to parameter of type 'CreateBudgetData' with 'exactOptionalPropertyTypes: true'. Consider adding 'undefined' to the types of the target's properties.
  Types of property 'term_id' are incompatible.
    Type 'number | undefined' is not assignable to type 'number'.
      Type 'undefined' is not assignable to type 'number'.
src/pages/Finance/Budget/index.tsx(42,66): error TS2379: Argument of type '{ academic_year_id: number | undefined; }' is not assignable to parameter of type 'BudgetFilters' with 'exactOptionalPropertyTypes: true'. Consider adding 'undefined' to the types of the target's properties.
  Types of property 'academic_year_id' are incompatible.
    Type 'number | undefined' is not assignable to type 'number'.
      Type 'undefined' is not assignable to type 'number'.
src/pages/Finance/components/PaymentEntryForm.tsx(98,9): error TS2375: Type '{ receiptNumber: string | undefined; amount: number; payment_method: string; payment_reference: string; description: string; date: string; success: boolean; transactionRef?: string; receipt_number?: string; errors?: string[]; error?: string; }' is not assignable to type 'PaymentSuccess' with 'exactOptionalPropertyTypes: true'. Consider adding 'undefined' to the types of the target's properties.
  Types of property 'receiptNumber' are incompatible.
    Type 'string | undefined' is not assignable to type 'string'.
      Type 'undefined' is not assignable to type 'string'.
src/pages/Finance/FeeExemptions.tsx(66,54): error TS2379: Argument of type '{ status: string | undefined; }' is not assignable to parameter of type '{ studentId?: number; academicYearId?: number; termId?: number; status?: string; }' with 'exactOptionalPropertyTypes: true'. Consider adding 'undefined' to the types of the target's properties.
  Types of property 'status' are incompatible.
    Type 'string | undefined' is not assignable to type 'string'.
      Type 'undefined' is not assignable to type 'string'.
src/pages/Finance/FeeExemptions.tsx(115,74): error TS2379: Argument of type '{ status: string | undefined; }' is not assignable to parameter of type '{ studentId?: number; academicYearId?: number; termId?: number; status?: string; }' with 'exactOptionalPropertyTypes: true'. Consider adding 'undefined' to the types of the target's properties.
  Types of property 'status' are incompatible.
    Type 'string | undefined' is not assignable to type 'string'.
      Type 'undefined' is not assignable to type 'string'.
src/pages/Finance/FeeExemptions.tsx(144,73): error TS2379: Argument of type '{ student_id: number; academic_year_id: number; term_id: number | undefined; fee_category_id: number | undefined; exemption_percentage: number; exemption_reason: string; notes: string | undefined; }' is not assignable to parameter of type 'ExemptionCreateData' with 'exactOptionalPropertyTypes: true'. Consider adding 'undefined' to the types of the target's properties.
  Types of property 'term_id' are incompatible.
    Type 'number | undefined' is not assignable to type 'number'.
      Type 'undefined' is not assignable to type 'number'.
src/pages/Inventory/index.tsx(82,62): error TS2379: Argument of type '{ item_id: number; movement_type: "IN" | "OUT"; quantity: number; unit_cost: number; reference_number: string; description: string; supplier_id: number | undefined; }' is not assignable to parameter of type 'StockMovementData' with 'exactOptionalPropertyTypes: true'. Consider adding 'undefined' to the types of the target's properties.
  Types of property 'supplier_id' are incompatible.
    Type 'number | undefined' is not assignable to type 'number'.
      Type 'undefined' is not assignable to type 'number'.
src/pages/Payroll/PayrollRun.tsx(96,35): error TS2345: Argument of type '{ id: number | undefined; period_name: string; status: "DRAFT"; }' is not assignable to parameter of type 'SetStateAction<Partial<PayrollPeriod> | null>'.
  Type '{ id: number | undefined; period_name: string; status: "DRAFT"; }' is not assignable to type 'Partial<PayrollPeriod>' with 'exactOptionalPropertyTypes: true'. Consider adding 'undefined' to the types of the target's properties.
    Types of property 'id' are incompatible.
      Type 'number | undefined' is not assignable to type 'number'.
        Type 'undefined' is not assignable to type 'number'.
src/pages/Payroll/Staff.tsx(105,70): error TS2379: Argument of type '{ staff_number: string; first_name: string; middle_name: string | undefined; last_name: string; phone: string | undefined; email: string | undefined; department: string | undefined; job_title: string | undefined; employment_date: string | undefined; basic_salary: number; is_active: boolean; }' is not assignable to parameter of type 'Partial<StaffMember>' with 'exactOptionalPropertyTypes: true'. Consider adding 'undefined' to the types of the target's properties.
  Types of property 'middle_name' are incompatible.
    Type 'string | undefined' is not assignable to type 'string'.
      Type 'undefined' is not assignable to type 'string'.
src/pages/Payroll/Staff.tsx(108,58): error TS2379: Argument of type '{ staff_number: string; first_name: string; middle_name: string | undefined; last_name: string; phone: string | undefined; email: string | undefined; department: string | undefined; job_title: string | undefined; employment_date: string | undefined; basic_salary: number; is_active: boolean; }' is not assignable to parameter of type 'Partial<StaffMember>' with 'exactOptionalPropertyTypes: true'. Consider adding 'undefined' to the types of the target's properties.
  Types of property 'middle_name' are incompatible.
    Type 'string | undefined' is not assignable to type 'string'.
      Type 'undefined' is not assignable to type 'string'.
src/pages/Settings/index.tsx(49,28): error TS2345: Argument of type 'IPCResult<string | null>' is not assignable to parameter of type 'SetStateAction<string | null>'.
  Type '{ success: false; error: string; errors?: string[]; }' is not assignable to type 'SetStateAction<string | null>'.
src/pages/Settings/index.tsx(150,31): error TS2345: Argument of type 'IPCResult<SchoolSettings>' is not assignable to parameter of type 'SchoolSettings'.
  Type '{ success: false; error: string; errors?: string[]; }' is missing the following properties from type 'SchoolSettings': id, school_name, school_motto, address, and 6 more.
src/pages/Students/index.tsx(44,67): error TS2379: Argument of type 'Partial<{ search: string | undefined; streamId: string; isActive: boolean; }>' is not assignable to parameter of type 'StudentFilters' with 'exactOptionalPropertyTypes: true'. Consider adding 'undefined' to the types of the target's properties.
  Types of property 'search' are incompatible.
    Type 'string | undefined' is not assignable to type 'string'.
      Type 'undefined' is not assignable to type 'string'.
src/pages/Students/index.tsx(114,31): error TS2379: Argument of type '{ title: string; template: "statement"; data: { studentName: string; admissionNumber: string; streamName: string | undefined; openingBalance: number; ledger: Record<string, unknown>[]; closingBalance: number; }; schoolSettings: { ...; } | undefined; }' is not assignable to parameter of type 'PrintOptions' with 'exactOptionalPropertyTypes: true'. Consider adding 'undefined' to the types of the target's properties.
  Types of property 'schoolSettings' are incompatible.
    Type '{ id: number; school_name: string; school_motto: string | null; address: string | null; phone: string | null; email: string | null; logo_path: string | null; mpesa_paybill: string | null; ... 4 more ...; updated_at: string; } | undefined' is not assignable to type 'Record<string, unknown>'.
      Type 'undefined' is not assignable to type 'Record<string, unknown>'.
src/pages/Students/StudentForm.tsx(171,21): error TS2379: Argument of type '{ stream_id: number | undefined; admission_number: string; first_name: string; middle_name: string; last_name: string; date_of_birth: string; gender: "MALE" | "FEMALE"; student_type: "BOARDER" | "DAY_SCHOLAR"; ... 6 more ...; notes: string; }' is not assignable to parameter of type 'Partial<Student>' with 'exactOptionalPropertyTypes: true'. Consider adding 'undefined' to the types of the target's properties.
  Types of property 'stream_id' are incompatible.
    Type 'number | undefined' is not assignable to type 'number'.
      Type 'undefined' is not assignable to type 'number'.
src/pages/Students/StudentForm.tsx(179,21): error TS2379: Argument of type '{ stream_id: number | undefined; admission_number: string; first_name: string; middle_name: string; last_name: string; date_of_birth: string; gender: "MALE" | "FEMALE"; student_type: "BOARDER" | "DAY_SCHOLAR"; ... 6 more ...; notes: string; }' is not assignable to parameter of type 'Partial<Student>' with 'exactOptionalPropertyTypes: true'. Consider adding 'undefined' to the types of the target's properties.
  Types of property 'stream_id' are incompatible.
    Type 'number | undefined' is not assignable to type 'number'.
      Type 'undefined' is not assignable to type 'number'.
src/utils/print.ts(52,20): error TS2379: Argument of type '{ title: string; html: string; onDownload: (() => void) | undefined; }' is not assignable to parameter of type 'PrintPreviewData' with 'exactOptionalPropertyTypes: true'. Consider adding 'undefined' to the types of the target's properties.
  Types of property 'onDownload' are incompatible.
    Type '(() => void) | undefined' is not assignable to type '() => void'.
      Type 'undefined' is not assignable to type '() => void'.
src/utils/runtimeError.ts(44,23): error TS2379: Argument of type '{ error: string; stack: string | undefined; timestamp: string; }' is not assignable to parameter of type '{ error: string; stack?: string; componentStack?: string | null; timestamp: string; }' with 'exactOptionalPropertyTypes: true'. Consider adding 'undefined' to the types of the target's properties.
  Types of property 'stack' are incompatible.
    Type 'string | undefined' is not assignable to type 'string'.
      Type 'undefined' is not assignable to type 'string'.
