src/components/patterns/InstitutionalHeader.tsx(22,29): error TS2345: Argument of type 'unknown' is not assignable to parameter of type 'SetStateAction<SchoolSettings | null>'.
src/components/ui/ImportDialog.tsx(85,29): error TS2352: Conversion of type '{ success: boolean; totalRows: number; imported: number; skipped: number; errors: string[]; }' to type 'ImportResult' may be a mistake because neither type sufficiently overlaps with the other. If this was intentional, convert the expression to 'unknown' first.
  Types of property 'errors' are incompatible.
    Type 'string[]' is not comparable to type '{ row: number; message: string; }[]'.
      Type 'string' is not comparable to type '{ row: number; message: string; }'.
src/pages/Academic/ExamScheduler.tsx(79,16): error TS18046: 'result' is of type 'unknown'.
src/pages/Academic/ExamScheduler.tsx(80,18): error TS18046: 'result' is of type 'unknown'.
src/pages/Academic/ExamScheduler.tsx(81,16): error TS18046: 'result' is of type 'unknown'.
src/pages/Academic/ExamScheduler.tsx(99,18): error TS2345: Argument of type 'unknown[]' is not assignable to parameter of type 'SetStateAction<ClashReport[]>'.
  Type 'unknown[]' is not assignable to type 'ClashReport[]'.
    Type 'unknown' is not assignable to type 'ClashReport'.
src/pages/Academic/MeritLists.tsx(1,8): error TS6133: 'React' is declared but its value is never read.
src/pages/Academic/MeritLists.tsx(48,63): error TS2345: Argument of type '{ academicYearId: number; termId: number; streamId: number; }' is not assignable to parameter of type 'number'.
src/pages/Academic/MeritLists.tsx(71,32): error TS2339: Property 'exportToPDF' does not exist on type 'ElectronAPI'.
src/pages/Academic/MeritLists.tsx(73,60): error TS2339: Property 'name' does not exist on type 'Term'.
src/pages/Academic/MeritLists.tsx(75,58): error TS2339: Property 'name' does not exist on type 'AcademicYear'.
src/pages/Academic/MeritLists.tsx(75,87): error TS2339: Property 'name' does not exist on type 'Term'.
src/pages/Academic/MeritLists.tsx(109,47): error TS2339: Property 'name' does not exist on type 'Term'.
src/pages/Academic/MeritLists.tsx(209,54): error TS2339: Property 'name' does not exist on type 'AcademicYear'.
src/pages/Academic/MeritLists.tsx(209,82): error TS2339: Property 'name' does not exist on type 'Term'.
src/pages/Academic/ReportCardAnalytics.tsx(6,10): error TS6133: 'BarChart' is declared but its value is never read.
src/pages/Academic/ReportCardAnalytics.tsx(6,20): error TS6133: 'Bar' is declared but its value is never read.
src/pages/Academic/ReportCardAnalytics.tsx(6,109): error TS6133: 'Cell' is declared but its value is never read.
src/pages/Academic/ReportCardGeneration.tsx(3,24): error TS2307: Cannot find module '../../components/PageHeader' or its corresponding type declarations.
src/pages/Academic/ReportCardGeneration.tsx(49,50): error TS2339: Property 'invoke' does not exist on type 'ElectronAPI'.
src/pages/Academic/ReportCardGeneration.tsx(58,52): error TS2339: Property 'invoke' does not exist on type 'ElectronAPI'.
src/pages/Academic/ReportCardGeneration.tsx(67,50): error TS2339: Property 'invoke' does not exist on type 'ElectronAPI'.
src/pages/Academic/ReportCardGeneration.tsx(90,49): error TS2339: Property 'invoke' does not exist on type 'ElectronAPI'.
src/pages/Academic/ReportCardGeneration.tsx(97,48): error TS2339: Property 'invoke' does not exist on type 'ElectronAPI'.
src/pages/Academic/ReportCardGeneration.tsx(103,24): error TS18046: 'data' is of type 'unknown'.
src/pages/Academic/ReportCardGeneration.tsx(104,30): error TS18046: 'data' is of type 'unknown'.
src/pages/Academic/ReportCardGeneration.tsx(105,21): error TS18046: 'data' is of type 'unknown'.
src/pages/Academic/ReportCardGeneration.tsx(114,34): error TS2339: Property 'invoke' does not exist on type 'ElectronAPI'.
src/pages/Academic/ReportCardGeneration.tsx(122,26): error TS18046: 'data' is of type 'unknown'.
src/pages/Academic/ReportCardGeneration.tsx(123,32): error TS18046: 'data' is of type 'unknown'.
src/pages/Academic/ReportCardGeneration.tsx(131,34): error TS2339: Property 'invoke' does not exist on type 'ElectronAPI'.
src/pages/Academic/ReportCardGeneration.tsx(161,32): error TS2339: Property 'invoke' does not exist on type 'ElectronAPI'.
src/pages/Academic/SubjectMeritLists.tsx(63,28): error TS2554: Expected 2 arguments, but got 1.
src/pages/Academic/SubjectMeritLists.tsx(75,19): error TS2345: Argument of type 'SubjectMeritListRow[]' is not assignable to parameter of type 'SetStateAction<SubjectRanking[]>'.
  Type 'SubjectMeritListRow[]' is not assignable to type 'SubjectRanking[]'.
    Property 'grade' is missing in type 'SubjectMeritListRow' but required in type 'SubjectRanking'.
src/pages/Approvals/index.tsx(56,23): error TS2571: Object is of type 'unknown'.
src/pages/Approvals/index.tsx(57,23): error TS2571: Object is of type 'unknown'.
src/pages/Approvals/index.tsx(58,17): error TS2571: Object is of type 'unknown'.
src/pages/Approvals/index.tsx(77,34): error TS2571: Object is of type 'unknown'.
src/pages/Approvals/index.tsx(99,34): error TS2571: Object is of type 'unknown'.
src/pages/Communications/CommunicationLog.tsx(41,51): error TS2339: Property 'getCommunicationLogs' does not exist on type 'ElectronAPI'.
src/pages/Finance/BankAccounts.tsx(40,32): error TS2571: Object is of type 'unknown'.
src/pages/Finance/BankAccounts.tsx(53,34): error TS2571: Object is of type 'unknown'.
src/pages/Finance/Grants/GrantTracking.tsx(248,84): error TS18046: 'e' is of type 'unknown'.
src/pages/Finance/Reconciliation/ReconcileAccount.tsx(68,38): error TS2345: Argument of type 'unknown[]' is not assignable to parameter of type 'SetStateAction<UnmatchedTransaction[]>'.
  Type 'unknown[]' is not assignable to type 'UnmatchedTransaction[]'.
    Type 'unknown' is not assignable to type 'UnmatchedTransaction'.
src/pages/Finance/Reports/BalanceSheet.tsx(42,25): error TS2345: Argument of type 'Record<string, unknown>' is not assignable to parameter of type 'SetStateAction<BalanceSheet | null>'.
  Type 'Record<string, unknown>' is missing the following properties from type 'BalanceSheet': assets, liabilities, equity, total_assets, and 3 more.
src/pages/Finance/Reports/ProfitAndLoss.tsx(44,26): error TS2345: Argument of type 'Record<string, unknown>' is not assignable to parameter of type 'SetStateAction<ProfitAndLoss | null>'.
  Type 'Record<string, unknown>' is missing the following properties from type 'ProfitAndLoss': period_start, period_end, revenue_by_category, expenses_by_category, and 3 more.
src/pages/Finance/Reports/TrialBalance.tsx(42,25): error TS2345: Argument of type 'Record<string, unknown>' is not assignable to parameter of type 'SetStateAction<TrialBalance | null>'.
  Type 'Record<string, unknown>' is missing the following properties from type 'TrialBalance': accounts, total_debits, total_credits, is_balanced
src/pages/Finance/StudentCost/StudentCostAnalysis.tsx(84,61): error TS18046: 'e' is of type 'unknown'.
src/pages/Login.tsx(35,35): error TS2345: Argument of type 'unknown' is not assignable to parameter of type 'SchoolSettings'.
src/pages/Operations/Boarding/BoardingProfitability.tsx(194,87): error TS18046: 'e' is of type 'unknown'.
src/pages/Operations/Boarding/BoardingProfitability.tsx(201,88): error TS18046: 'e' is of type 'unknown'.
src/pages/Reports/index.tsx(122,27): error TS2345: Argument of type 'DefaulterItem[]' is not assignable to parameter of type 'SetStateAction<Defaulter[]>'.
  Type 'DefaulterItem[]' is not assignable to type 'Defaulter[]'.
    Type 'DefaulterItem' is missing the following properties from type 'Defaulter': id, admission_number, first_name, last_name, and 4 more.
src/pages/Reports/index.tsx(126,33): error TS2345: Argument of type '{ date: string; amount: number; method: string; }[]' is not assignable to parameter of type 'SetStateAction<DailyCollectionItem[]>'.
  Type '{ date: string; amount: number; method: string; }[]' is not assignable to type 'DailyCollectionItem[]'.
    Type '{ date: string; amount: number; method: string; }' is missing the following properties from type 'DailyCollectionItem': admission_number, student_name, stream_name, payment_method
src/pages/Reports/ReportCards.tsx(120,32): error TS2352: Conversion of type '{ success: boolean; filePath?: string | undefined; error?: string | undefined; }' to type 'ReportCardData' may be a mistake because neither type sufficiently overlaps with the other. If this was intentional, convert the expression to 'unknown' first.
  Type '{ success: boolean; filePath?: string | undefined; error?: string | undefined; }' is missing the following properties from type 'ReportCardData': student, academic_year, term, grades, and 2 more.
src/pages/Reports/ScheduledReports.tsx(57,32): error TS2571: Object is of type 'unknown'.
src/pages/Reports/ScheduledReports.tsx(76,23): error TS2571: Object is of type 'unknown'.
src/pages/Reports/ScheduledReports.tsx(78,23): error TS2571: Object is of type 'unknown'.
src/pages/Reports/ScheduledReports.tsx(93,19): error TS2571: Object is of type 'unknown'.
src/pages/Reports/ScheduledReports.tsx(266,91): error TS2322: Type 'unknown' is not assignable to type '"DAILY" | "WEEKLY" | "MONTHLY" | "TERM_END" | "YEAR_END" | undefined'.
src/pages/Students/StudentForm.tsx(176,64): error TS2345: Argument of type '(prev: { admission_number: string; first_name: string; middle_name: string; last_name: string; date_of_birth: string; gender: "MALE" | "FEMALE"; student_type: "BOARDER" | "DAY_SCHOLAR"; ... 7 more ...; notes: string; }) => { ...; }' is not assignable to parameter of type 'SetStateAction<{ admission_number: string; first_name: string; middle_name: string; last_name: string; date_of_birth: string; gender: "MALE" | "FEMALE"; student_type: "BOARDER" | "DAY_SCHOLAR"; admission_date: string; ... 6 more ...; notes: string; }>'.
  Type '(prev: { admission_number: string; first_name: string; middle_name: string; last_name: string; date_of_birth: string; gender: "MALE" | "FEMALE"; student_type: "BOARDER" | "DAY_SCHOLAR"; ... 7 more ...; notes: string; }) => { ...; }' is not assignable to type '(prevState: { admission_number: string; first_name: string; middle_name: string; last_name: string; date_of_birth: string; gender: "MALE" | "FEMALE"; student_type: "BOARDER" | "DAY_SCHOLAR"; ... 7 more ...; notes: string; }) => { ...; }'.
    Call signature return types '{ stream_id: unknown; admission_number: string; first_name: string; middle_name: string; last_name: string; date_of_birth: string; gender: "MALE" | "FEMALE"; student_type: "BOARDER" | "DAY_SCHOLAR"; ... 6 more ...; notes: string; }' and '{ admission_number: string; first_name: string; middle_name: string; last_name: string; date_of_birth: string; gender: "MALE" | "FEMALE"; student_type: "BOARDER" | "DAY_SCHOLAR"; admission_date: string; ... 6 more ...; notes: string; }' are incompatible.
      The types of 'stream_id' are incompatible between these types.
        Type 'unknown' is not assignable to type 'string'.
src/pages/Students/StudentForm.tsx(187,64): error TS2345: Argument of type '(prev: { admission_number: string; first_name: string; middle_name: string; last_name: string; date_of_birth: string; gender: "MALE" | "FEMALE"; student_type: "BOARDER" | "DAY_SCHOLAR"; ... 7 more ...; notes: string; }) => { ...; }' is not assignable to parameter of type 'SetStateAction<{ admission_number: string; first_name: string; middle_name: string; last_name: string; date_of_birth: string; gender: "MALE" | "FEMALE"; student_type: "BOARDER" | "DAY_SCHOLAR"; admission_date: string; ... 6 more ...; notes: string; }>'.
  Type '(prev: { admission_number: string; first_name: string; middle_name: string; last_name: string; date_of_birth: string; gender: "MALE" | "FEMALE"; student_type: "BOARDER" | "DAY_SCHOLAR"; ... 7 more ...; notes: string; }) => { ...; }' is not assignable to type '(prevState: { admission_number: string; first_name: string; middle_name: string; last_name: string; date_of_birth: string; gender: "MALE" | "FEMALE"; student_type: "BOARDER" | "DAY_SCHOLAR"; ... 7 more ...; notes: string; }) => { ...; }'.
    Call signature return types '{ gender: unknown; admission_number: string; first_name: string; middle_name: string; last_name: string; date_of_birth: string; student_type: "BOARDER" | "DAY_SCHOLAR"; admission_date: string; ... 6 more ...; notes: string; }' and '{ admission_number: string; first_name: string; middle_name: string; last_name: string; date_of_birth: string; gender: "MALE" | "FEMALE"; student_type: "BOARDER" | "DAY_SCHOLAR"; admission_date: string; ... 6 more ...; notes: string; }' are incompatible.
      The types of 'gender' are incompatible between these types.
        Type 'unknown' is not assignable to type '"MALE" | "FEMALE"'.
src/pages/Students/StudentForm.tsx(198,64): error TS2345: Argument of type '(prev: { admission_number: string; first_name: string; middle_name: string; last_name: string; date_of_birth: string; gender: "MALE" | "FEMALE"; student_type: "BOARDER" | "DAY_SCHOLAR"; ... 7 more ...; notes: string; }) => { ...; }' is not assignable to parameter of type 'SetStateAction<{ admission_number: string; first_name: string; middle_name: string; last_name: string; date_of_birth: string; gender: "MALE" | "FEMALE"; student_type: "BOARDER" | "DAY_SCHOLAR"; admission_date: string; ... 6 more ...; notes: string; }>'.
  Type '(prev: { admission_number: string; first_name: string; middle_name: string; last_name: string; date_of_birth: string; gender: "MALE" | "FEMALE"; student_type: "BOARDER" | "DAY_SCHOLAR"; ... 7 more ...; notes: string; }) => { ...; }' is not assignable to type '(prevState: { admission_number: string; first_name: string; middle_name: string; last_name: string; date_of_birth: string; gender: "MALE" | "FEMALE"; student_type: "BOARDER" | "DAY_SCHOLAR"; ... 7 more ...; notes: string; }) => { ...; }'.
    Call signature return types '{ student_type: unknown; admission_number: string; first_name: string; middle_name: string; last_name: string; date_of_birth: string; gender: "MALE" | "FEMALE"; admission_date: string; guardian_name: string; ... 5 more ...; notes: string; }' and '{ admission_number: string; first_name: string; middle_name: string; last_name: string; date_of_birth: string; gender: "MALE" | "FEMALE"; student_type: "BOARDER" | "DAY_SCHOLAR"; admission_date: string; ... 6 more ...; notes: string; }' are incompatible.
      The types of 'student_type' are incompatible between these types.
        Type 'unknown' is not assignable to type '"BOARDER" | "DAY_SCHOLAR"'.
src/utils/__tests__/format.test.ts(3,1): error TS2593: Cannot find name 'describe'. Do you need to install type definitions for a test runner? Try `npm i --save-dev @types/jest` or `npm i --save-dev @types/mocha` and then add 'jest' or 'mocha' to the types field in your tsconfig.
src/utils/__tests__/format.test.ts(4,3): error TS2593: Cannot find name 'describe'. Do you need to install type definitions for a test runner? Try `npm i --save-dev @types/jest` or `npm i --save-dev @types/mocha` and then add 'jest' or 'mocha' to the types field in your tsconfig.
src/utils/__tests__/format.test.ts(5,5): error TS2593: Cannot find name 'it'. Do you need to install type definitions for a test runner? Try `npm i --save-dev @types/jest` or `npm i --save-dev @types/mocha` and then add 'jest' or 'mocha' to the types field in your tsconfig.
src/utils/__tests__/format.test.ts(6,7): error TS2304: Cannot find name 'expect'.
src/utils/__tests__/format.test.ts(7,7): error TS2304: Cannot find name 'expect'.
src/utils/__tests__/format.test.ts(8,7): error TS2304: Cannot find name 'expect'.
src/utils/__tests__/format.test.ts(11,5): error TS2593: Cannot find name 'it'. Do you need to install type definitions for a test runner? Try `npm i --save-dev @types/jest` or `npm i --save-dev @types/mocha` and then add 'jest' or 'mocha' to the types field in your tsconfig.
src/utils/__tests__/format.test.ts(13,7): error TS2304: Cannot find name 'expect'.
src/utils/__tests__/format.test.ts(16,5): error TS2593: Cannot find name 'it'. Do you need to install type definitions for a test runner? Try `npm i --save-dev @types/jest` or `npm i --save-dev @types/mocha` and then add 'jest' or 'mocha' to the types field in your tsconfig.
src/utils/__tests__/format.test.ts(18,7): error TS2304: Cannot find name 'expect'.
src/utils/__tests__/format.test.ts(21,5): error TS2593: Cannot find name 'it'. Do you need to install type definitions for a test runner? Try `npm i --save-dev @types/jest` or `npm i --save-dev @types/mocha` and then add 'jest' or 'mocha' to the types field in your tsconfig.
src/utils/__tests__/format.test.ts(23,7): error TS2304: Cannot find name 'expect'.
src/utils/__tests__/format.test.ts(24,7): error TS2304: Cannot find name 'expect'.
src/utils/__tests__/format.test.ts(27,5): error TS2593: Cannot find name 'it'. Do you need to install type definitions for a test runner? Try `npm i --save-dev @types/jest` or `npm i --save-dev @types/mocha` and then add 'jest' or 'mocha' to the types field in your tsconfig.
src/utils/__tests__/format.test.ts(28,7): error TS2304: Cannot find name 'expect'.
src/utils/__tests__/format.test.ts(31,5): error TS2593: Cannot find name 'it'. Do you need to install type definitions for a test runner? Try `npm i --save-dev @types/jest` or `npm i --save-dev @types/mocha` and then add 'jest' or 'mocha' to the types field in your tsconfig.
src/utils/__tests__/format.test.ts(32,7): error TS2304: Cannot find name 'expect'.
src/utils/__tests__/format.test.ts(35,5): error TS2593: Cannot find name 'it'. Do you need to install type definitions for a test runner? Try `npm i --save-dev @types/jest` or `npm i --save-dev @types/mocha` and then add 'jest' or 'mocha' to the types field in your tsconfig.
src/utils/__tests__/format.test.ts(36,7): error TS2304: Cannot find name 'expect'.
src/utils/__tests__/format.test.ts(39,5): error TS2593: Cannot find name 'it'. Do you need to install type definitions for a test runner? Try `npm i --save-dev @types/jest` or `npm i --save-dev @types/mocha` and then add 'jest' or 'mocha' to the types field in your tsconfig.
src/utils/__tests__/format.test.ts(41,7): error TS2304: Cannot find name 'expect'.
src/utils/__tests__/format.test.ts(44,5): error TS2593: Cannot find name 'it'. Do you need to install type definitions for a test runner? Try `npm i --save-dev @types/jest` or `npm i --save-dev @types/mocha` and then add 'jest' or 'mocha' to the types field in your tsconfig.
src/utils/__tests__/format.test.ts(46,7): error TS2304: Cannot find name 'expect'.
src/utils/__tests__/format.test.ts(47,7): error TS2304: Cannot find name 'expect'.
src/utils/__tests__/format.test.ts(50,5): error TS2593: Cannot find name 'it'. Do you need to install type definitions for a test runner? Try `npm i --save-dev @types/jest` or `npm i --save-dev @types/mocha` and then add 'jest' or 'mocha' to the types field in your tsconfig.
src/utils/__tests__/format.test.ts(52,7): error TS2304: Cannot find name 'expect'.
src/utils/__tests__/format.test.ts(56,3): error TS2593: Cannot find name 'describe'. Do you need to install type definitions for a test runner? Try `npm i --save-dev @types/jest` or `npm i --save-dev @types/mocha` and then add 'jest' or 'mocha' to the types field in your tsconfig.
src/utils/__tests__/format.test.ts(57,5): error TS2593: Cannot find name 'it'. Do you need to install type definitions for a test runner? Try `npm i --save-dev @types/jest` or `npm i --save-dev @types/mocha` and then add 'jest' or 'mocha' to the types field in your tsconfig.
src/utils/__tests__/format.test.ts(59,7): error TS2304: Cannot find name 'expect'.
src/utils/__tests__/format.test.ts(60,7): error TS2304: Cannot find name 'expect'.
src/utils/__tests__/format.test.ts(63,5): error TS2593: Cannot find name 'it'. Do you need to install type definitions for a test runner? Try `npm i --save-dev @types/jest` or `npm i --save-dev @types/mocha` and then add 'jest' or 'mocha' to the types field in your tsconfig.
src/utils/__tests__/format.test.ts(66,7): error TS2304: Cannot find name 'expect'.
src/utils/__tests__/format.test.ts(67,7): error TS2304: Cannot find name 'expect'.
src/utils/__tests__/format.test.ts(70,5): error TS2593: Cannot find name 'it'. Do you need to install type definitions for a test runner? Try `npm i --save-dev @types/jest` or `npm i --save-dev @types/mocha` and then add 'jest' or 'mocha' to the types field in your tsconfig.
src/utils/__tests__/format.test.ts(71,7): error TS2304: Cannot find name 'expect'.
src/utils/__tests__/format.test.ts(74,5): error TS2593: Cannot find name 'it'. Do you need to install type definitions for a test runner? Try `npm i --save-dev @types/jest` or `npm i --save-dev @types/mocha` and then add 'jest' or 'mocha' to the types field in your tsconfig.
src/utils/__tests__/format.test.ts(75,7): error TS2304: Cannot find name 'expect'.
src/utils/__tests__/format.test.ts(78,5): error TS2593: Cannot find name 'it'. Do you need to install type definitions for a test runner? Try `npm i --save-dev @types/jest` or `npm i --save-dev @types/mocha` and then add 'jest' or 'mocha' to the types field in your tsconfig.
src/utils/__tests__/format.test.ts(79,7): error TS2304: Cannot find name 'expect'.
src/utils/__tests__/format.test.ts(82,5): error TS2593: Cannot find name 'it'. Do you need to install type definitions for a test runner? Try `npm i --save-dev @types/jest` or `npm i --save-dev @types/mocha` and then add 'jest' or 'mocha' to the types field in your tsconfig.
src/utils/__tests__/format.test.ts(83,7): error TS2304: Cannot find name 'expect'.
src/utils/__tests__/format.test.ts(86,5): error TS2593: Cannot find name 'it'. Do you need to install type definitions for a test runner? Try `npm i --save-dev @types/jest` or `npm i --save-dev @types/mocha` and then add 'jest' or 'mocha' to the types field in your tsconfig.
src/utils/__tests__/format.test.ts(88,7): error TS2304: Cannot find name 'expect'.
src/utils/__tests__/format.test.ts(89,7): error TS2304: Cannot find name 'expect'.
src/utils/__tests__/format.test.ts(92,5): error TS2593: Cannot find name 'it'. Do you need to install type definitions for a test runner? Try `npm i --save-dev @types/jest` or `npm i --save-dev @types/mocha` and then add 'jest' or 'mocha' to the types field in your tsconfig.
src/utils/__tests__/format.test.ts(95,7): error TS2304: Cannot find name 'expect'.
src/utils/__tests__/format.test.ts(98,5): error TS2593: Cannot find name 'it'. Do you need to install type definitions for a test runner? Try `npm i --save-dev @types/jest` or `npm i --save-dev @types/mocha` and then add 'jest' or 'mocha' to the types field in your tsconfig.
src/utils/__tests__/format.test.ts(100,7): error TS2304: Cannot find name 'expect'.
src/utils/__tests__/format.test.ts(103,5): error TS2593: Cannot find name 'it'. Do you need to install type definitions for a test runner? Try `npm i --save-dev @types/jest` or `npm i --save-dev @types/mocha` and then add 'jest' or 'mocha' to the types field in your tsconfig.
src/utils/__tests__/format.test.ts(106,7): error TS2304: Cannot find name 'expect'.
src/utils/__tests__/format.test.ts(110,3): error TS2593: Cannot find name 'describe'. Do you need to install type definitions for a test runner? Try `npm i --save-dev @types/jest` or `npm i --save-dev @types/mocha` and then add 'jest' or 'mocha' to the types field in your tsconfig.
src/utils/__tests__/format.test.ts(111,5): error TS2593: Cannot find name 'it'. Do you need to install type definitions for a test runner? Try `npm i --save-dev @types/jest` or `npm i --save-dev @types/mocha` and then add 'jest' or 'mocha' to the types field in your tsconfig.
src/utils/__tests__/format.test.ts(113,7): error TS2304: Cannot find name 'expect'.
src/utils/__tests__/format.test.ts(114,7): error TS2304: Cannot find name 'expect'.
src/utils/__tests__/format.test.ts(117,5): error TS2593: Cannot find name 'it'. Do you need to install type definitions for a test runner? Try `npm i --save-dev @types/jest` or `npm i --save-dev @types/mocha` and then add 'jest' or 'mocha' to the types field in your tsconfig.
src/utils/__tests__/format.test.ts(120,7): error TS2304: Cannot find name 'expect'.
src/utils/__tests__/format.test.ts(121,7): error TS2304: Cannot find name 'expect'.
src/utils/__tests__/format.test.ts(124,5): error TS2593: Cannot find name 'it'. Do you need to install type definitions for a test runner? Try `npm i --save-dev @types/jest` or `npm i --save-dev @types/mocha` and then add 'jest' or 'mocha' to the types field in your tsconfig.
src/utils/__tests__/format.test.ts(125,7): error TS2304: Cannot find name 'expect'.
src/utils/__tests__/format.test.ts(128,5): error TS2593: Cannot find name 'it'. Do you need to install type definitions for a test runner? Try `npm i --save-dev @types/jest` or `npm i --save-dev @types/mocha` and then add 'jest' or 'mocha' to the types field in your tsconfig.
src/utils/__tests__/format.test.ts(129,7): error TS2304: Cannot find name 'expect'.
src/utils/__tests__/format.test.ts(132,5): error TS2593: Cannot find name 'it'. Do you need to install type definitions for a test runner? Try `npm i --save-dev @types/jest` or `npm i --save-dev @types/mocha` and then add 'jest' or 'mocha' to the types field in your tsconfig.
src/utils/__tests__/format.test.ts(133,7): error TS2304: Cannot find name 'expect'.
src/utils/__tests__/format.test.ts(136,5): error TS2593: Cannot find name 'it'. Do you need to install type definitions for a test runner? Try `npm i --save-dev @types/jest` or `npm i --save-dev @types/mocha` and then add 'jest' or 'mocha' to the types field in your tsconfig.
src/utils/__tests__/format.test.ts(137,7): error TS2304: Cannot find name 'expect'.
src/utils/__tests__/format.test.ts(140,5): error TS2593: Cannot find name 'it'. Do you need to install type definitions for a test runner? Try `npm i --save-dev @types/jest` or `npm i --save-dev @types/mocha` and then add 'jest' or 'mocha' to the types field in your tsconfig.
src/utils/__tests__/format.test.ts(143,7): error TS2304: Cannot find name 'expect'.
src/utils/__tests__/format.test.ts(146,5): error TS2593: Cannot find name 'it'. Do you need to install type definitions for a test runner? Try `npm i --save-dev @types/jest` or `npm i --save-dev @types/mocha` and then add 'jest' or 'mocha' to the types field in your tsconfig.
src/utils/__tests__/format.test.ts(148,7): error TS2304: Cannot find name 'expect'.
src/utils/__tests__/format.test.ts(151,5): error TS2593: Cannot find name 'it'. Do you need to install type definitions for a test runner? Try `npm i --save-dev @types/jest` or `npm i --save-dev @types/mocha` and then add 'jest' or 'mocha' to the types field in your tsconfig.
src/utils/__tests__/format.test.ts(154,7): error TS2304: Cannot find name 'expect'.
src/utils/__tests__/format.test.ts(155,7): error TS2304: Cannot find name 'expect'.
src/utils/__tests__/format.test.ts(158,5): error TS2593: Cannot find name 'it'. Do you need to install type definitions for a test runner? Try `npm i --save-dev @types/jest` or `npm i --save-dev @types/mocha` and then add 'jest' or 'mocha' to the types field in your tsconfig.
src/utils/__tests__/format.test.ts(161,7): error TS2304: Cannot find name 'expect'.
src/utils/__tests__/format.test.ts(162,7): error TS2304: Cannot find name 'expect'.
src/utils/__tests__/format.test.ts(166,3): error TS2593: Cannot find name 'describe'. Do you need to install type definitions for a test runner? Try `npm i --save-dev @types/jest` or `npm i --save-dev @types/mocha` and then add 'jest' or 'mocha' to the types field in your tsconfig.
src/utils/__tests__/format.test.ts(167,5): error TS2593: Cannot find name 'it'. Do you need to install type definitions for a test runner? Try `npm i --save-dev @types/jest` or `npm i --save-dev @types/mocha` and then add 'jest' or 'mocha' to the types field in your tsconfig.
src/utils/__tests__/format.test.ts(170,7): error TS2304: Cannot find name 'expect'.
src/utils/__tests__/format.test.ts(173,5): error TS2593: Cannot find name 'it'. Do you need to install type definitions for a test runner? Try `npm i --save-dev @types/jest` or `npm i --save-dev @types/mocha` and then add 'jest' or 'mocha' to the types field in your tsconfig.
src/utils/__tests__/format.test.ts(175,7): error TS2304: Cannot find name 'expect'.
src/utils/__tests__/format.test.ts(178,5): error TS2593: Cannot find name 'it'. Do you need to install type definitions for a test runner? Try `npm i --save-dev @types/jest` or `npm i --save-dev @types/mocha` and then add 'jest' or 'mocha' to the types field in your tsconfig.
src/utils/__tests__/format.test.ts(181,7): error TS2304: Cannot find name 'expect'.
src/utils/__tests__/format.test.ts(182,7): error TS2304: Cannot find name 'expect'.
src/utils/__tests__/format.test.ts(186,3): error TS2593: Cannot find name 'describe'. Do you need to install type definitions for a test runner? Try `npm i --save-dev @types/jest` or `npm i --save-dev @types/mocha` and then add 'jest' or 'mocha' to the types field in your tsconfig.
src/utils/__tests__/format.test.ts(187,5): error TS2593: Cannot find name 'it'. Do you need to install type definitions for a test runner? Try `npm i --save-dev @types/jest` or `npm i --save-dev @types/mocha` and then add 'jest' or 'mocha' to the types field in your tsconfig.
src/utils/__tests__/format.test.ts(191,7): error TS2304: Cannot find name 'expect'.
src/utils/__tests__/format.test.ts(194,5): error TS2593: Cannot find name 'it'. Do you need to install type definitions for a test runner? Try `npm i --save-dev @types/jest` or `npm i --save-dev @types/mocha` and then add 'jest' or 'mocha' to the types field in your tsconfig.
src/utils/__tests__/format.test.ts(198,7): error TS2304: Cannot find name 'expect'.
src/utils/__tests__/format.test.ts(201,5): error TS2593: Cannot find name 'it'. Do you need to install type definitions for a test runner? Try `npm i --save-dev @types/jest` or `npm i --save-dev @types/mocha` and then add 'jest' or 'mocha' to the types field in your tsconfig.
src/utils/__tests__/format.test.ts(205,7): error TS2304: Cannot find name 'expect'.
src/utils/__tests__/format.test.ts(206,7): error TS2304: Cannot find name 'expect'.
src/utils/__tests__/format.test.ts(210,3): error TS2593: Cannot find name 'describe'. Do you need to install type definitions for a test runner? Try `npm i --save-dev @types/jest` or `npm i --save-dev @types/mocha` and then add 'jest' or 'mocha' to the types field in your tsconfig.
src/utils/__tests__/format.test.ts(211,5): error TS2593: Cannot find name 'it'. Do you need to install type definitions for a test runner? Try `npm i --save-dev @types/jest` or `npm i --save-dev @types/mocha` and then add 'jest' or 'mocha' to the types field in your tsconfig.
src/utils/__tests__/format.test.ts(213,7): error TS2304: Cannot find name 'expect'.
src/utils/__tests__/format.test.ts(216,5): error TS2593: Cannot find name 'it'. Do you need to install type definitions for a test runner? Try `npm i --save-dev @types/jest` or `npm i --save-dev @types/mocha` and then add 'jest' or 'mocha' to the types field in your tsconfig.
src/utils/__tests__/format.test.ts(218,7): error TS2304: Cannot find name 'expect'.
src/utils/__tests__/format.test.ts(221,5): error TS2593: Cannot find name 'it'. Do you need to install type definitions for a test runner? Try `npm i --save-dev @types/jest` or `npm i --save-dev @types/mocha` and then add 'jest' or 'mocha' to the types field in your tsconfig.
src/utils/__tests__/format.test.ts(223,7): error TS2304: Cannot find name 'expect'.
src/utils/__tests__/utilities.test.ts(6,1): error TS2593: Cannot find name 'describe'. Do you need to install type definitions for a test runner? Try `npm i --save-dev @types/jest` or `npm i --save-dev @types/mocha` and then add 'jest' or 'mocha' to the types field in your tsconfig.
src/utils/__tests__/utilities.test.ts(12,3): error TS2593: Cannot find name 'describe'. Do you need to install type definitions for a test runner? Try `npm i --save-dev @types/jest` or `npm i --save-dev @types/mocha` and then add 'jest' or 'mocha' to the types field in your tsconfig.
src/utils/__tests__/utilities.test.ts(13,5): error TS2593: Cannot find name 'it'. Do you need to install type definitions for a test runner? Try `npm i --save-dev @types/jest` or `npm i --save-dev @types/mocha` and then add 'jest' or 'mocha' to the types field in your tsconfig.
src/utils/__tests__/utilities.test.ts(14,7): error TS2304: Cannot find name 'expect'.
src/utils/__tests__/utilities.test.ts(15,7): error TS2304: Cannot find name 'expect'.
src/utils/__tests__/utilities.test.ts(16,7): error TS2304: Cannot find name 'expect'.
src/utils/__tests__/utilities.test.ts(19,5): error TS2593: Cannot find name 'it'. Do you need to install type definitions for a test runner? Try `npm i --save-dev @types/jest` or `npm i --save-dev @types/mocha` and then add 'jest' or 'mocha' to the types field in your tsconfig.
src/utils/__tests__/utilities.test.ts(20,7): error TS2304: Cannot find name 'expect'.
src/utils/__tests__/utilities.test.ts(21,7): error TS2304: Cannot find name 'expect'.
src/utils/__tests__/utilities.test.ts(22,7): error TS2304: Cannot find name 'expect'.
src/utils/__tests__/utilities.test.ts(23,7): error TS2304: Cannot find name 'expect'.
src/utils/__tests__/utilities.test.ts(26,5): error TS2593: Cannot find name 'it'. Do you need to install type definitions for a test runner? Try `npm i --save-dev @types/jest` or `npm i --save-dev @types/mocha` and then add 'jest' or 'mocha' to the types field in your tsconfig.
src/utils/__tests__/utilities.test.ts(27,7): error TS2304: Cannot find name 'expect'.
src/utils/__tests__/utilities.test.ts(30,5): error TS2593: Cannot find name 'it'. Do you need to install type definitions for a test runner? Try `npm i --save-dev @types/jest` or `npm i --save-dev @types/mocha` and then add 'jest' or 'mocha' to the types field in your tsconfig.
src/utils/__tests__/utilities.test.ts(31,7): error TS2304: Cannot find name 'expect'.
src/utils/__tests__/utilities.test.ts(32,7): error TS2304: Cannot find name 'expect'.
src/utils/__tests__/utilities.test.ts(35,5): error TS2593: Cannot find name 'it'. Do you need to install type definitions for a test runner? Try `npm i --save-dev @types/jest` or `npm i --save-dev @types/mocha` and then add 'jest' or 'mocha' to the types field in your tsconfig.
src/utils/__tests__/utilities.test.ts(36,7): error TS2304: Cannot find name 'expect'.
src/utils/__tests__/utilities.test.ts(37,7): error TS2304: Cannot find name 'expect'.
src/utils/__tests__/utilities.test.ts(40,5): error TS2593: Cannot find name 'it'. Do you need to install type definitions for a test runner? Try `npm i --save-dev @types/jest` or `npm i --save-dev @types/mocha` and then add 'jest' or 'mocha' to the types field in your tsconfig.
src/utils/__tests__/utilities.test.ts(41,7): error TS2304: Cannot find name 'expect'.
src/utils/__tests__/utilities.test.ts(42,7): error TS2304: Cannot find name 'expect'.
src/utils/__tests__/utilities.test.ts(43,7): error TS2304: Cannot find name 'expect'.
src/utils/__tests__/utilities.test.ts(46,5): error TS2593: Cannot find name 'it'. Do you need to install type definitions for a test runner? Try `npm i --save-dev @types/jest` or `npm i --save-dev @types/mocha` and then add 'jest' or 'mocha' to the types field in your tsconfig.
src/utils/__tests__/utilities.test.ts(47,7): error TS2304: Cannot find name 'expect'.
src/utils/__tests__/utilities.test.ts(48,7): error TS2304: Cannot find name 'expect'.
src/utils/__tests__/utilities.test.ts(53,1): error TS2593: Cannot find name 'describe'. Do you need to install type definitions for a test runner? Try `npm i --save-dev @types/jest` or `npm i --save-dev @types/mocha` and then add 'jest' or 'mocha' to the types field in your tsconfig.
src/utils/__tests__/utilities.test.ts(69,3): error TS2593: Cannot find name 'describe'. Do you need to install type definitions for a test runner? Try `npm i --save-dev @types/jest` or `npm i --save-dev @types/mocha` and then add 'jest' or 'mocha' to the types field in your tsconfig.
src/utils/__tests__/utilities.test.ts(70,5): error TS2593: Cannot find name 'it'. Do you need to install type definitions for a test runner? Try `npm i --save-dev @types/jest` or `npm i --save-dev @types/mocha` and then add 'jest' or 'mocha' to the types field in your tsconfig.
src/utils/__tests__/utilities.test.ts(73,7): error TS2304: Cannot find name 'expect'.
src/utils/__tests__/utilities.test.ts(76,5): error TS2593: Cannot find name 'it'. Do you need to install type definitions for a test runner? Try `npm i --save-dev @types/jest` or `npm i --save-dev @types/mocha` and then add 'jest' or 'mocha' to the types field in your tsconfig.
src/utils/__tests__/utilities.test.ts(78,7): error TS2304: Cannot find name 'expect'.
src/utils/__tests__/utilities.test.ts(81,5): error TS2593: Cannot find name 'it'. Do you need to install type definitions for a test runner? Try `npm i --save-dev @types/jest` or `npm i --save-dev @types/mocha` and then add 'jest' or 'mocha' to the types field in your tsconfig.
src/utils/__tests__/utilities.test.ts(84,7): error TS2304: Cannot find name 'expect'.
src/utils/__tests__/utilities.test.ts(87,5): error TS2593: Cannot find name 'it'. Do you need to install type definitions for a test runner? Try `npm i --save-dev @types/jest` or `npm i --save-dev @types/mocha` and then add 'jest' or 'mocha' to the types field in your tsconfig.
src/utils/__tests__/utilities.test.ts(90,7): error TS2304: Cannot find name 'expect'.
src/utils/__tests__/utilities.test.ts(93,5): error TS2593: Cannot find name 'it'. Do you need to install type definitions for a test runner? Try `npm i --save-dev @types/jest` or `npm i --save-dev @types/mocha` and then add 'jest' or 'mocha' to the types field in your tsconfig.
src/utils/__tests__/utilities.test.ts(96,7): error TS2304: Cannot find name 'expect'.
src/utils/__tests__/utilities.test.ts(100,3): error TS2593: Cannot find name 'describe'. Do you need to install type definitions for a test runner? Try `npm i --save-dev @types/jest` or `npm i --save-dev @types/mocha` and then add 'jest' or 'mocha' to the types field in your tsconfig.
src/utils/__tests__/utilities.test.ts(101,5): error TS2593: Cannot find name 'it'. Do you need to install type definitions for a test runner? Try `npm i --save-dev @types/jest` or `npm i --save-dev @types/mocha` and then add 'jest' or 'mocha' to the types field in your tsconfig.
src/utils/__tests__/utilities.test.ts(105,7): error TS2304: Cannot find name 'expect'.
src/utils/__tests__/utilities.test.ts(106,7): error TS2304: Cannot find name 'expect'.
src/utils/__tests__/utilities.test.ts(109,5): error TS2593: Cannot find name 'it'. Do you need to install type definitions for a test runner? Try `npm i --save-dev @types/jest` or `npm i --save-dev @types/mocha` and then add 'jest' or 'mocha' to the types field in your tsconfig.
src/utils/__tests__/utilities.test.ts(113,7): error TS2304: Cannot find name 'expect'.
src/utils/__tests__/utilities.test.ts(117,3): error TS2593: Cannot find name 'describe'. Do you need to install type definitions for a test runner? Try `npm i --save-dev @types/jest` or `npm i --save-dev @types/mocha` and then add 'jest' or 'mocha' to the types field in your tsconfig.
src/utils/__tests__/utilities.test.ts(118,5): error TS2593: Cannot find name 'it'. Do you need to install type definitions for a test runner? Try `npm i --save-dev @types/jest` or `npm i --save-dev @types/mocha` and then add 'jest' or 'mocha' to the types field in your tsconfig.
src/utils/__tests__/utilities.test.ts(123,7): error TS2304: Cannot find name 'expect'.
src/utils/__tests__/utilities.test.ts(124,7): error TS2304: Cannot find name 'expect'.
src/utils/__tests__/utilities.test.ts(127,5): error TS2593: Cannot find name 'it'. Do you need to install type definitions for a test runner? Try `npm i --save-dev @types/jest` or `npm i --save-dev @types/mocha` and then add 'jest' or 'mocha' to the types field in your tsconfig.
src/utils/__tests__/utilities.test.ts(131,7): error TS2304: Cannot find name 'expect'.
src/utils/__tests__/utilities.test.ts(134,5): error TS2593: Cannot find name 'it'. Do you need to install type definitions for a test runner? Try `npm i --save-dev @types/jest` or `npm i --save-dev @types/mocha` and then add 'jest' or 'mocha' to the types field in your tsconfig.
src/utils/__tests__/utilities.test.ts(138,7): error TS2304: Cannot find name 'expect'.
src/utils/__tests__/utilities.test.ts(143,1): error TS2593: Cannot find name 'describe'. Do you need to install type definitions for a test runner? Try `npm i --save-dev @types/jest` or `npm i --save-dev @types/mocha` and then add 'jest' or 'mocha' to the types field in your tsconfig.
src/utils/__tests__/utilities.test.ts(170,3): error TS2593: Cannot find name 'describe'. Do you need to install type definitions for a test runner? Try `npm i --save-dev @types/jest` or `npm i --save-dev @types/mocha` and then add 'jest' or 'mocha' to the types field in your tsconfig.
src/utils/__tests__/utilities.test.ts(171,5): error TS2593: Cannot find name 'it'. Do you need to install type definitions for a test runner? Try `npm i --save-dev @types/jest` or `npm i --save-dev @types/mocha` and then add 'jest' or 'mocha' to the types field in your tsconfig.
src/utils/__tests__/utilities.test.ts(175,7): error TS2304: Cannot find name 'expect'.
src/utils/__tests__/utilities.test.ts(178,5): error TS2593: Cannot find name 'it'. Do you need to install type definitions for a test runner? Try `npm i --save-dev @types/jest` or `npm i --save-dev @types/mocha` and then add 'jest' or 'mocha' to the types field in your tsconfig.
src/utils/__tests__/utilities.test.ts(180,7): error TS2304: Cannot find name 'expect'.
src/utils/__tests__/utilities.test.ts(183,5): error TS2593: Cannot find name 'it'. Do you need to install type definitions for a test runner? Try `npm i --save-dev @types/jest` or `npm i --save-dev @types/mocha` and then add 'jest' or 'mocha' to the types field in your tsconfig.
src/utils/__tests__/utilities.test.ts(186,7): error TS2304: Cannot find name 'expect'.
src/utils/__tests__/utilities.test.ts(189,5): error TS2593: Cannot find name 'it'. Do you need to install type definitions for a test runner? Try `npm i --save-dev @types/jest` or `npm i --save-dev @types/mocha` and then add 'jest' or 'mocha' to the types field in your tsconfig.
src/utils/__tests__/utilities.test.ts(192,7): error TS2304: Cannot find name 'expect'.
src/utils/__tests__/utilities.test.ts(195,5): error TS2593: Cannot find name 'it'. Do you need to install type definitions for a test runner? Try `npm i --save-dev @types/jest` or `npm i --save-dev @types/mocha` and then add 'jest' or 'mocha' to the types field in your tsconfig.
src/utils/__tests__/utilities.test.ts(198,7): error TS2304: Cannot find name 'expect'.
src/utils/__tests__/utilities.test.ts(202,3): error TS2593: Cannot find name 'describe'. Do you need to install type definitions for a test runner? Try `npm i --save-dev @types/jest` or `npm i --save-dev @types/mocha` and then add 'jest' or 'mocha' to the types field in your tsconfig.
src/utils/__tests__/utilities.test.ts(203,5): error TS2593: Cannot find name 'it'. Do you need to install type definitions for a test runner? Try `npm i --save-dev @types/jest` or `npm i --save-dev @types/mocha` and then add 'jest' or 'mocha' to the types field in your tsconfig.
src/utils/__tests__/utilities.test.ts(210,7): error TS2304: Cannot find name 'expect'.
src/utils/__tests__/utilities.test.ts(211,7): error TS2304: Cannot find name 'expect'.
src/utils/__tests__/utilities.test.ts(214,5): error TS2593: Cannot find name 'it'. Do you need to install type definitions for a test runner? Try `npm i --save-dev @types/jest` or `npm i --save-dev @types/mocha` and then add 'jest' or 'mocha' to the types field in your tsconfig.
src/utils/__tests__/utilities.test.ts(220,7): error TS2304: Cannot find name 'expect'.
src/utils/__tests__/utilities.test.ts(223,5): error TS2593: Cannot find name 'it'. Do you need to install type definitions for a test runner? Try `npm i --save-dev @types/jest` or `npm i --save-dev @types/mocha` and then add 'jest' or 'mocha' to the types field in your tsconfig.
src/utils/__tests__/utilities.test.ts(225,7): error TS2304: Cannot find name 'expect'.
src/utils/__tests__/utilities.test.ts(228,5): error TS2593: Cannot find name 'it'. Do you need to install type definitions for a test runner? Try `npm i --save-dev @types/jest` or `npm i --save-dev @types/mocha` and then add 'jest' or 'mocha' to the types field in your tsconfig.
src/utils/__tests__/utilities.test.ts(239,7): error TS2304: Cannot find name 'expect'.
src/utils/__tests__/utilities.test.ts(243,3): error TS2593: Cannot find name 'describe'. Do you need to install type definitions for a test runner? Try `npm i --save-dev @types/jest` or `npm i --save-dev @types/mocha` and then add 'jest' or 'mocha' to the types field in your tsconfig.
src/utils/__tests__/utilities.test.ts(244,5): error TS2593: Cannot find name 'it'. Do you need to install type definitions for a test runner? Try `npm i --save-dev @types/jest` or `npm i --save-dev @types/mocha` and then add 'jest' or 'mocha' to the types field in your tsconfig.
src/utils/__tests__/utilities.test.ts(245,7): error TS2304: Cannot find name 'expect'.
src/utils/__tests__/utilities.test.ts(246,7): error TS2304: Cannot find name 'expect'.
src/utils/__tests__/utilities.test.ts(249,5): error TS2593: Cannot find name 'it'. Do you need to install type definitions for a test runner? Try `npm i --save-dev @types/jest` or `npm i --save-dev @types/mocha` and then add 'jest' or 'mocha' to the types field in your tsconfig.
src/utils/__tests__/utilities.test.ts(250,7): error TS2304: Cannot find name 'expect'.
src/utils/__tests__/utilities.test.ts(251,7): error TS2304: Cannot find name 'expect'.
src/utils/__tests__/utilities.test.ts(254,5): error TS2593: Cannot find name 'it'. Do you need to install type definitions for a test runner? Try `npm i --save-dev @types/jest` or `npm i --save-dev @types/mocha` and then add 'jest' or 'mocha' to the types field in your tsconfig.
src/utils/__tests__/utilities.test.ts(255,7): error TS2304: Cannot find name 'expect'.
src/utils/__tests__/utilities.test.ts(256,7): error TS2304: Cannot find name 'expect'.
src/utils/__tests__/utilities.test.ts(259,5): error TS2593: Cannot find name 'it'. Do you need to install type definitions for a test runner? Try `npm i --save-dev @types/jest` or `npm i --save-dev @types/mocha` and then add 'jest' or 'mocha' to the types field in your tsconfig.
src/utils/__tests__/utilities.test.ts(260,7): error TS2304: Cannot find name 'expect'.
src/utils/__tests__/utilities.test.ts(261,7): error TS2304: Cannot find name 'expect'.
src/utils/__tests__/utilities.test.ts(264,5): error TS2593: Cannot find name 'it'. Do you need to install type definitions for a test runner? Try `npm i --save-dev @types/jest` or `npm i --save-dev @types/mocha` and then add 'jest' or 'mocha' to the types field in your tsconfig.
src/utils/__tests__/utilities.test.ts(265,7): error TS2304: Cannot find name 'expect'.
src/utils/__tests__/utilities.test.ts(266,7): error TS2304: Cannot find name 'expect'.
src/utils/__tests__/utilities.test.ts(269,5): error TS2593: Cannot find name 'it'. Do you need to install type definitions for a test runner? Try `npm i --save-dev @types/jest` or `npm i --save-dev @types/mocha` and then add 'jest' or 'mocha' to the types field in your tsconfig.
src/utils/__tests__/utilities.test.ts(270,7): error TS2304: Cannot find name 'expect'.
src/utils/__tests__/utilities.test.ts(271,7): error TS2304: Cannot find name 'expect'.
src/utils/__tests__/utilities.test.ts(276,1): error TS2593: Cannot find name 'describe'. Do you need to install type definitions for a test runner? Try `npm i --save-dev @types/jest` or `npm i --save-dev @types/mocha` and then add 'jest' or 'mocha' to the types field in your tsconfig.
src/utils/__tests__/utilities.test.ts(290,3): error TS2593: Cannot find name 'describe'. Do you need to install type definitions for a test runner? Try `npm i --save-dev @types/jest` or `npm i --save-dev @types/mocha` and then add 'jest' or 'mocha' to the types field in your tsconfig.
src/utils/__tests__/utilities.test.ts(291,5): error TS2593: Cannot find name 'it'. Do you need to install type definitions for a test runner? Try `npm i --save-dev @types/jest` or `npm i --save-dev @types/mocha` and then add 'jest' or 'mocha' to the types field in your tsconfig.
src/utils/__tests__/utilities.test.ts(292,7): error TS2304: Cannot find name 'expect'.
src/utils/__tests__/utilities.test.ts(295,5): error TS2593: Cannot find name 'it'. Do you need to install type definitions for a test runner? Try `npm i --save-dev @types/jest` or `npm i --save-dev @types/mocha` and then add 'jest' or 'mocha' to the types field in your tsconfig.
src/utils/__tests__/utilities.test.ts(297,7): error TS2304: Cannot find name 'expect'.
src/utils/__tests__/utilities.test.ts(298,7): error TS2304: Cannot find name 'expect'.
src/utils/__tests__/utilities.test.ts(301,5): error TS2593: Cannot find name 'it'. Do you need to install type definitions for a test runner? Try `npm i --save-dev @types/jest` or `npm i --save-dev @types/mocha` and then add 'jest' or 'mocha' to the types field in your tsconfig.
src/utils/__tests__/utilities.test.ts(303,7): error TS2304: Cannot find name 'expect'.
src/utils/__tests__/utilities.test.ts(307,3): error TS2593: Cannot find name 'describe'. Do you need to install type definitions for a test runner? Try `npm i --save-dev @types/jest` or `npm i --save-dev @types/mocha` and then add 'jest' or 'mocha' to the types field in your tsconfig.
src/utils/__tests__/utilities.test.ts(308,5): error TS2593: Cannot find name 'it'. Do you need to install type definitions for a test runner? Try `npm i --save-dev @types/jest` or `npm i --save-dev @types/mocha` and then add 'jest' or 'mocha' to the types field in your tsconfig.
src/utils/__tests__/utilities.test.ts(309,7): error TS2304: Cannot find name 'expect'.
src/utils/__tests__/utilities.test.ts(310,7): error TS2304: Cannot find name 'expect'.
src/utils/__tests__/utilities.test.ts(313,5): error TS2593: Cannot find name 'it'. Do you need to install type definitions for a test runner? Try `npm i --save-dev @types/jest` or `npm i --save-dev @types/mocha` and then add 'jest' or 'mocha' to the types field in your tsconfig.
src/utils/__tests__/utilities.test.ts(314,7): error TS2304: Cannot find name 'expect'.
src/utils/__tests__/utilities.test.ts(317,5): error TS2593: Cannot find name 'it'. Do you need to install type definitions for a test runner? Try `npm i --save-dev @types/jest` or `npm i --save-dev @types/mocha` and then add 'jest' or 'mocha' to the types field in your tsconfig.
src/utils/__tests__/utilities.test.ts(318,7): error TS2304: Cannot find name 'expect'.
src/utils/__tests__/utilities.test.ts(322,3): error TS2593: Cannot find name 'describe'. Do you need to install type definitions for a test runner? Try `npm i --save-dev @types/jest` or `npm i --save-dev @types/mocha` and then add 'jest' or 'mocha' to the types field in your tsconfig.
src/utils/__tests__/utilities.test.ts(323,5): error TS2593: Cannot find name 'it'. Do you need to install type definitions for a test runner? Try `npm i --save-dev @types/jest` or `npm i --save-dev @types/mocha` and then add 'jest' or 'mocha' to the types field in your tsconfig.
src/utils/__tests__/utilities.test.ts(324,7): error TS2304: Cannot find name 'expect'.
src/utils/__tests__/utilities.test.ts(325,7): error TS2304: Cannot find name 'expect'.
src/utils/__tests__/utilities.test.ts(328,5): error TS2593: Cannot find name 'it'. Do you need to install type definitions for a test runner? Try `npm i --save-dev @types/jest` or `npm i --save-dev @types/mocha` and then add 'jest' or 'mocha' to the types field in your tsconfig.
src/utils/__tests__/utilities.test.ts(329,7): error TS2304: Cannot find name 'expect'.
src/utils/__tests__/utilities.test.ts(330,7): error TS2304: Cannot find name 'expect'.
src/utils/__tests__/utilities.test.ts(333,5): error TS2593: Cannot find name 'it'. Do you need to install type definitions for a test runner? Try `npm i --save-dev @types/jest` or `npm i --save-dev @types/mocha` and then add 'jest' or 'mocha' to the types field in your tsconfig.
src/utils/__tests__/utilities.test.ts(334,7): error TS2304: Cannot find name 'expect'.
src/utils/__tests__/utilities.test.ts(335,7): error TS2304: Cannot find name 'expect'.
src/utils/__tests__/utilities.test.ts(340,1): error TS2593: Cannot find name 'describe'. Do you need to install type definitions for a test runner? Try `npm i --save-dev @types/jest` or `npm i --save-dev @types/mocha` and then add 'jest' or 'mocha' to the types field in your tsconfig.
src/utils/__tests__/utilities.test.ts(350,3): error TS2593: Cannot find name 'describe'. Do you need to install type definitions for a test runner? Try `npm i --save-dev @types/jest` or `npm i --save-dev @types/mocha` and then add 'jest' or 'mocha' to the types field in your tsconfig.
src/utils/__tests__/utilities.test.ts(351,5): error TS2593: Cannot find name 'it'. Do you need to install type definitions for a test runner? Try `npm i --save-dev @types/jest` or `npm i --save-dev @types/mocha` and then add 'jest' or 'mocha' to the types field in your tsconfig.
src/utils/__tests__/utilities.test.ts(352,7): error TS2304: Cannot find name 'expect'.
src/utils/__tests__/utilities.test.ts(353,7): error TS2304: Cannot find name 'expect'.
src/utils/__tests__/utilities.test.ts(356,5): error TS2593: Cannot find name 'it'. Do you need to install type definitions for a test runner? Try `npm i --save-dev @types/jest` or `npm i --save-dev @types/mocha` and then add 'jest' or 'mocha' to the types field in your tsconfig.
src/utils/__tests__/utilities.test.ts(357,7): error TS2304: Cannot find name 'expect'.
src/utils/__tests__/utilities.test.ts(360,5): error TS2593: Cannot find name 'it'. Do you need to install type definitions for a test runner? Try `npm i --save-dev @types/jest` or `npm i --save-dev @types/mocha` and then add 'jest' or 'mocha' to the types field in your tsconfig.
src/utils/__tests__/utilities.test.ts(361,7): error TS2304: Cannot find name 'expect'.
src/utils/__tests__/utilities.test.ts(362,7): error TS2304: Cannot find name 'expect'.
src/utils/__tests__/utilities.test.ts(365,5): error TS2593: Cannot find name 'it'. Do you need to install type definitions for a test runner? Try `npm i --save-dev @types/jest` or `npm i --save-dev @types/mocha` and then add 'jest' or 'mocha' to the types field in your tsconfig.
src/utils/__tests__/utilities.test.ts(366,7): error TS2304: Cannot find name 'expect'.
src/utils/__tests__/utilities.test.ts(370,3): error TS2593: Cannot find name 'describe'. Do you need to install type definitions for a test runner? Try `npm i --save-dev @types/jest` or `npm i --save-dev @types/mocha` and then add 'jest' or 'mocha' to the types field in your tsconfig.
src/utils/__tests__/utilities.test.ts(371,5): error TS2593: Cannot find name 'it'. Do you need to install type definitions for a test runner? Try `npm i --save-dev @types/jest` or `npm i --save-dev @types/mocha` and then add 'jest' or 'mocha' to the types field in your tsconfig.
src/utils/__tests__/utilities.test.ts(372,7): error TS2304: Cannot find name 'expect'.
src/utils/__tests__/utilities.test.ts(373,7): error TS2304: Cannot find name 'expect'.
src/utils/__tests__/utilities.test.ts(376,5): error TS2593: Cannot find name 'it'. Do you need to install type definitions for a test runner? Try `npm i --save-dev @types/jest` or `npm i --save-dev @types/mocha` and then add 'jest' or 'mocha' to the types field in your tsconfig.
src/utils/__tests__/utilities.test.ts(377,7): error TS2304: Cannot find name 'expect'.
src/utils/__tests__/utilities.test.ts(378,7): error TS2304: Cannot find name 'expect'.
src/utils/__tests__/utilities.test.ts(381,5): error TS2593: Cannot find name 'it'. Do you need to install type definitions for a test runner? Try `npm i --save-dev @types/jest` or `npm i --save-dev @types/mocha` and then add 'jest' or 'mocha' to the types field in your tsconfig.
src/utils/__tests__/utilities.test.ts(382,7): error TS2304: Cannot find name 'expect'.
src/utils/__tests__/utilities.test.ts(385,5): error TS2593: Cannot find name 'it'. Do you need to install type definitions for a test runner? Try `npm i --save-dev @types/jest` or `npm i --save-dev @types/mocha` and then add 'jest' or 'mocha' to the types field in your tsconfig.
src/utils/__tests__/utilities.test.ts(386,7): error TS2304: Cannot find name 'expect'.
src/utils/__tests__/validation.test.ts(1,91): error TS6305: Output file 'C:/Users/lamec/OneDrive/Desktop/MWINGI ADVENTIST SCHOOL/mwingi-school-erp/electron/main/utils/validation.d.ts' has not been built from source file 'C:/Users/lamec/OneDrive/Desktop/MWINGI ADVENTIST SCHOOL/mwingi-school-erp/electron/main/utils/validation.ts'.
src/utils/__tests__/validation.test.ts(3,1): error TS2593: Cannot find name 'describe'. Do you need to install type definitions for a test runner? Try `npm i --save-dev @types/jest` or `npm i --save-dev @types/mocha` and then add 'jest' or 'mocha' to the types field in your tsconfig.
src/utils/__tests__/validation.test.ts(4,3): error TS2593: Cannot find name 'describe'. Do you need to install type definitions for a test runner? Try `npm i --save-dev @types/jest` or `npm i --save-dev @types/mocha` and then add 'jest' or 'mocha' to the types field in your tsconfig.
src/utils/__tests__/validation.test.ts(5,5): error TS2593: Cannot find name 'it'. Do you need to install type definitions for a test runner? Try `npm i --save-dev @types/jest` or `npm i --save-dev @types/mocha` and then add 'jest' or 'mocha' to the types field in your tsconfig.
src/utils/__tests__/validation.test.ts(7,7): error TS2304: Cannot find name 'expect'.
src/utils/__tests__/validation.test.ts(8,7): error TS2304: Cannot find name 'expect'.
src/utils/__tests__/validation.test.ts(11,5): error TS2593: Cannot find name 'it'. Do you need to install type definitions for a test runner? Try `npm i --save-dev @types/jest` or `npm i --save-dev @types/mocha` and then add 'jest' or 'mocha' to the types field in your tsconfig.
src/utils/__tests__/validation.test.ts(13,7): error TS2304: Cannot find name 'expect'.
src/utils/__tests__/validation.test.ts(14,7): error TS2304: Cannot find name 'expect'.
src/utils/__tests__/validation.test.ts(17,5): error TS2593: Cannot find name 'it'. Do you need to install type definitions for a test runner? Try `npm i --save-dev @types/jest` or `npm i --save-dev @types/mocha` and then add 'jest' or 'mocha' to the types field in your tsconfig.
src/utils/__tests__/validation.test.ts(19,7): error TS2304: Cannot find name 'expect'.
src/utils/__tests__/validation.test.ts(20,7): error TS2304: Cannot find name 'expect'.
src/utils/__tests__/validation.test.ts(23,5): error TS2593: Cannot find name 'it'. Do you need to install type definitions for a test runner? Try `npm i --save-dev @types/jest` or `npm i --save-dev @types/mocha` and then add 'jest' or 'mocha' to the types field in your tsconfig.
src/utils/__tests__/validation.test.ts(25,7): error TS2304: Cannot find name 'expect'.
src/utils/__tests__/validation.test.ts(26,7): error TS2304: Cannot find name 'expect'.
src/utils/__tests__/validation.test.ts(29,5): error TS2593: Cannot find name 'it'. Do you need to install type definitions for a test runner? Try `npm i --save-dev @types/jest` or `npm i --save-dev @types/mocha` and then add 'jest' or 'mocha' to the types field in your tsconfig.
src/utils/__tests__/validation.test.ts(31,7): error TS2304: Cannot find name 'expect'.
src/utils/__tests__/validation.test.ts(34,5): error TS2593: Cannot find name 'it'. Do you need to install type definitions for a test runner? Try `npm i --save-dev @types/jest` or `npm i --save-dev @types/mocha` and then add 'jest' or 'mocha' to the types field in your tsconfig.
src/utils/__tests__/validation.test.ts(37,7): error TS2304: Cannot find name 'expect'.
src/utils/__tests__/validation.test.ts(38,7): error TS2304: Cannot find name 'expect'.
src/utils/__tests__/validation.test.ts(41,5): error TS2593: Cannot find name 'it'. Do you need to install type definitions for a test runner? Try `npm i --save-dev @types/jest` or `npm i --save-dev @types/mocha` and then add 'jest' or 'mocha' to the types field in your tsconfig.
src/utils/__tests__/validation.test.ts(43,7): error TS2304: Cannot find name 'expect'.
src/utils/__tests__/validation.test.ts(44,7): error TS2304: Cannot find name 'expect'.
src/utils/__tests__/validation.test.ts(47,5): error TS2593: Cannot find name 'it'. Do you need to install type definitions for a test runner? Try `npm i --save-dev @types/jest` or `npm i --save-dev @types/mocha` and then add 'jest' or 'mocha' to the types field in your tsconfig.
src/utils/__tests__/validation.test.ts(49,7): error TS2304: Cannot find name 'expect'.
src/utils/__tests__/validation.test.ts(50,7): error TS2304: Cannot find name 'expect'.
src/utils/__tests__/validation.test.ts(53,5): error TS2593: Cannot find name 'it'. Do you need to install type definitions for a test runner? Try `npm i --save-dev @types/jest` or `npm i --save-dev @types/mocha` and then add 'jest' or 'mocha' to the types field in your tsconfig.
src/utils/__tests__/validation.test.ts(55,7): error TS2304: Cannot find name 'expect'.
src/utils/__tests__/validation.test.ts(56,7): error TS2304: Cannot find name 'expect'.
src/utils/__tests__/validation.test.ts(59,5): error TS2593: Cannot find name 'it'. Do you need to install type definitions for a test runner? Try `npm i --save-dev @types/jest` or `npm i --save-dev @types/mocha` and then add 'jest' or 'mocha' to the types field in your tsconfig.
src/utils/__tests__/validation.test.ts(61,7): error TS2304: Cannot find name 'expect'.
src/utils/__tests__/validation.test.ts(64,5): error TS2593: Cannot find name 'it'. Do you need to install type definitions for a test runner? Try `npm i --save-dev @types/jest` or `npm i --save-dev @types/mocha` and then add 'jest' or 'mocha' to the types field in your tsconfig.
src/utils/__tests__/validation.test.ts(66,7): error TS2304: Cannot find name 'expect'.
src/utils/__tests__/validation.test.ts(67,7): error TS2304: Cannot find name 'expect'.
src/utils/__tests__/validation.test.ts(71,3): error TS2593: Cannot find name 'describe'. Do you need to install type definitions for a test runner? Try `npm i --save-dev @types/jest` or `npm i --save-dev @types/mocha` and then add 'jest' or 'mocha' to the types field in your tsconfig.
src/utils/__tests__/validation.test.ts(72,5): error TS2593: Cannot find name 'it'. Do you need to install type definitions for a test runner? Try `npm i --save-dev @types/jest` or `npm i --save-dev @types/mocha` and then add 'jest' or 'mocha' to the types field in your tsconfig.
src/utils/__tests__/validation.test.ts(74,7): error TS2304: Cannot find name 'expect'.
src/utils/__tests__/validation.test.ts(75,7): error TS2304: Cannot find name 'expect'.
src/utils/__tests__/validation.test.ts(78,5): error TS2593: Cannot find name 'it'. Do you need to install type definitions for a test runner? Try `npm i --save-dev @types/jest` or `npm i --save-dev @types/mocha` and then add 'jest' or 'mocha' to the types field in your tsconfig.
src/utils/__tests__/validation.test.ts(80,7): error TS2304: Cannot find name 'expect'.
src/utils/__tests__/validation.test.ts(83,5): error TS2593: Cannot find name 'it'. Do you need to install type definitions for a test runner? Try `npm i --save-dev @types/jest` or `npm i --save-dev @types/mocha` and then add 'jest' or 'mocha' to the types field in your tsconfig.
src/utils/__tests__/validation.test.ts(85,7): error TS2304: Cannot find name 'expect'.
src/utils/__tests__/validation.test.ts(86,7): error TS2304: Cannot find name 'expect'.
src/utils/__tests__/validation.test.ts(89,5): error TS2593: Cannot find name 'it'. Do you need to install type definitions for a test runner? Try `npm i --save-dev @types/jest` or `npm i --save-dev @types/mocha` and then add 'jest' or 'mocha' to the types field in your tsconfig.
src/utils/__tests__/validation.test.ts(91,7): error TS2304: Cannot find name 'expect'.
src/utils/__tests__/validation.test.ts(94,5): error TS2593: Cannot find name 'it'. Do you need to install type definitions for a test runner? Try `npm i --save-dev @types/jest` or `npm i --save-dev @types/mocha` and then add 'jest' or 'mocha' to the types field in your tsconfig.
src/utils/__tests__/validation.test.ts(96,7): error TS2304: Cannot find name 'expect'.
src/utils/__tests__/validation.test.ts(99,5): error TS2593: Cannot find name 'it'. Do you need to install type definitions for a test runner? Try `npm i --save-dev @types/jest` or `npm i --save-dev @types/mocha` and then add 'jest' or 'mocha' to the types field in your tsconfig.
src/utils/__tests__/validation.test.ts(101,7): error TS2304: Cannot find name 'expect'.
src/utils/__tests__/validation.test.ts(104,5): error TS2593: Cannot find name 'it'. Do you need to install type definitions for a test runner? Try `npm i --save-dev @types/jest` or `npm i --save-dev @types/mocha` and then add 'jest' or 'mocha' to the types field in your tsconfig.
src/utils/__tests__/validation.test.ts(106,7): error TS2304: Cannot find name 'expect'.
src/utils/__tests__/validation.test.ts(109,5): error TS2593: Cannot find name 'it'. Do you need to install type definitions for a test runner? Try `npm i --save-dev @types/jest` or `npm i --save-dev @types/mocha` and then add 'jest' or 'mocha' to the types field in your tsconfig.
src/utils/__tests__/validation.test.ts(112,7): error TS2304: Cannot find name 'expect'.
src/utils/__tests__/validation.test.ts(115,5): error TS2593: Cannot find name 'it'. Do you need to install type definitions for a test runner? Try `npm i --save-dev @types/jest` or `npm i --save-dev @types/mocha` and then add 'jest' or 'mocha' to the types field in your tsconfig.
src/utils/__tests__/validation.test.ts(117,7): error TS2304: Cannot find name 'expect'.
src/utils/__tests__/validation.test.ts(120,5): error TS2593: Cannot find name 'it'. Do you need to install type definitions for a test runner? Try `npm i --save-dev @types/jest` or `npm i --save-dev @types/mocha` and then add 'jest' or 'mocha' to the types field in your tsconfig.
src/utils/__tests__/validation.test.ts(122,7): error TS2304: Cannot find name 'expect'.
src/utils/__tests__/validation.test.ts(125,5): error TS2593: Cannot find name 'it'. Do you need to install type definitions for a test runner? Try `npm i --save-dev @types/jest` or `npm i --save-dev @types/mocha` and then add 'jest' or 'mocha' to the types field in your tsconfig.
src/utils/__tests__/validation.test.ts(127,7): error TS2304: Cannot find name 'expect'.
src/utils/__tests__/validation.test.ts(131,3): error TS2593: Cannot find name 'describe'. Do you need to install type definitions for a test runner? Try `npm i --save-dev @types/jest` or `npm i --save-dev @types/mocha` and then add 'jest' or 'mocha' to the types field in your tsconfig.
src/utils/__tests__/validation.test.ts(132,5): error TS2593: Cannot find name 'it'. Do you need to install type definitions for a test runner? Try `npm i --save-dev @types/jest` or `npm i --save-dev @types/mocha` and then add 'jest' or 'mocha' to the types field in your tsconfig.
src/utils/__tests__/validation.test.ts(134,7): error TS2304: Cannot find name 'expect'.
src/utils/__tests__/validation.test.ts(135,7): error TS2304: Cannot find name 'expect'.
src/utils/__tests__/validation.test.ts(138,5): error TS2593: Cannot find name 'it'. Do you need to install type definitions for a test runner? Try `npm i --save-dev @types/jest` or `npm i --save-dev @types/mocha` and then add 'jest' or 'mocha' to the types field in your tsconfig.
src/utils/__tests__/validation.test.ts(140,7): error TS2304: Cannot find name 'expect'.
src/utils/__tests__/validation.test.ts(141,7): error TS2304: Cannot find name 'expect'.
src/utils/__tests__/validation.test.ts(144,5): error TS2593: Cannot find name 'it'. Do you need to install type definitions for a test runner? Try `npm i --save-dev @types/jest` or `npm i --save-dev @types/mocha` and then add 'jest' or 'mocha' to the types field in your tsconfig.
src/utils/__tests__/validation.test.ts(146,7): error TS2304: Cannot find name 'expect'.
src/utils/__tests__/validation.test.ts(147,7): error TS2304: Cannot find name 'expect'.
src/utils/__tests__/validation.test.ts(150,5): error TS2593: Cannot find name 'it'. Do you need to install type definitions for a test runner? Try `npm i --save-dev @types/jest` or `npm i --save-dev @types/mocha` and then add 'jest' or 'mocha' to the types field in your tsconfig.
src/utils/__tests__/validation.test.ts(152,7): error TS2304: Cannot find name 'expect'.
src/utils/__tests__/validation.test.ts(155,5): error TS2593: Cannot find name 'it'. Do you need to install type definitions for a test runner? Try `npm i --save-dev @types/jest` or `npm i --save-dev @types/mocha` and then add 'jest' or 'mocha' to the types field in your tsconfig.
src/utils/__tests__/validation.test.ts(157,7): error TS2304: Cannot find name 'expect'.
src/utils/__tests__/validation.test.ts(160,5): error TS2593: Cannot find name 'it'. Do you need to install type definitions for a test runner? Try `npm i --save-dev @types/jest` or `npm i --save-dev @types/mocha` and then add 'jest' or 'mocha' to the types field in your tsconfig.
src/utils/__tests__/validation.test.ts(162,7): error TS2304: Cannot find name 'expect'.
src/utils/__tests__/validation.test.ts(165,5): error TS2593: Cannot find name 'it'. Do you need to install type definitions for a test runner? Try `npm i --save-dev @types/jest` or `npm i --save-dev @types/mocha` and then add 'jest' or 'mocha' to the types field in your tsconfig.
src/utils/__tests__/validation.test.ts(167,7): error TS2304: Cannot find name 'expect'.
src/utils/__tests__/validation.test.ts(170,5): error TS2593: Cannot find name 'it'. Do you need to install type definitions for a test runner? Try `npm i --save-dev @types/jest` or `npm i --save-dev @types/mocha` and then add 'jest' or 'mocha' to the types field in your tsconfig.
src/utils/__tests__/validation.test.ts(172,7): error TS2304: Cannot find name 'expect'.
src/utils/__tests__/validation.test.ts(173,7): error TS2304: Cannot find name 'expect'.
src/utils/__tests__/validation.test.ts(176,5): error TS2593: Cannot find name 'it'. Do you need to install type definitions for a test runner? Try `npm i --save-dev @types/jest` or `npm i --save-dev @types/mocha` and then add 'jest' or 'mocha' to the types field in your tsconfig.
src/utils/__tests__/validation.test.ts(178,7): error TS2304: Cannot find name 'expect'.
src/utils/__tests__/validation.test.ts(181,5): error TS2593: Cannot find name 'it'. Do you need to install type definitions for a test runner? Try `npm i --save-dev @types/jest` or `npm i --save-dev @types/mocha` and then add 'jest' or 'mocha' to the types field in your tsconfig.
src/utils/__tests__/validation.test.ts(183,7): error TS2304: Cannot find name 'expect'.
src/utils/__tests__/validation.test.ts(186,5): error TS2593: Cannot find name 'it'. Do you need to install type definitions for a test runner? Try `npm i --save-dev @types/jest` or `npm i --save-dev @types/mocha` and then add 'jest' or 'mocha' to the types field in your tsconfig.
src/utils/__tests__/validation.test.ts(189,7): error TS2304: Cannot find name 'expect'.
src/utils/__tests__/validation.test.ts(190,7): error TS2304: Cannot find name 'expect'.
src/utils/__tests__/validation.test.ts(193,5): error TS2593: Cannot find name 'it'. Do you need to install type definitions for a test runner? Try `npm i --save-dev @types/jest` or `npm i --save-dev @types/mocha` and then add 'jest' or 'mocha' to the types field in your tsconfig.
src/utils/__tests__/validation.test.ts(195,7): error TS2304: Cannot find name 'expect'.
src/utils/__tests__/validation.test.ts(196,7): error TS2304: Cannot find name 'expect'.
src/utils/__tests__/validation.test.ts(200,3): error TS2593: Cannot find name 'describe'. Do you need to install type definitions for a test runner? Try `npm i --save-dev @types/jest` or `npm i --save-dev @types/mocha` and then add 'jest' or 'mocha' to the types field in your tsconfig.
src/utils/__tests__/validation.test.ts(201,5): error TS2593: Cannot find name 'it'. Do you need to install type definitions for a test runner? Try `npm i --save-dev @types/jest` or `npm i --save-dev @types/mocha` and then add 'jest' or 'mocha' to the types field in your tsconfig.
src/utils/__tests__/validation.test.ts(203,7): error TS2304: Cannot find name 'expect'.
src/utils/__tests__/validation.test.ts(206,5): error TS2593: Cannot find name 'it'. Do you need to install type definitions for a test runner? Try `npm i --save-dev @types/jest` or `npm i --save-dev @types/mocha` and then add 'jest' or 'mocha' to the types field in your tsconfig.
src/utils/__tests__/validation.test.ts(208,7): error TS2304: Cannot find name 'expect'.
src/utils/__tests__/validation.test.ts(211,5): error TS2593: Cannot find name 'it'. Do you need to install type definitions for a test runner? Try `npm i --save-dev @types/jest` or `npm i --save-dev @types/mocha` and then add 'jest' or 'mocha' to the types field in your tsconfig.
src/utils/__tests__/validation.test.ts(213,7): error TS2304: Cannot find name 'expect'.
src/utils/__tests__/validation.test.ts(216,5): error TS2593: Cannot find name 'it'. Do you need to install type definitions for a test runner? Try `npm i --save-dev @types/jest` or `npm i --save-dev @types/mocha` and then add 'jest' or 'mocha' to the types field in your tsconfig.
src/utils/__tests__/validation.test.ts(218,7): error TS2304: Cannot find name 'expect'.
src/utils/__tests__/validation.test.ts(221,5): error TS2593: Cannot find name 'it'. Do you need to install type definitions for a test runner? Try `npm i --save-dev @types/jest` or `npm i --save-dev @types/mocha` and then add 'jest' or 'mocha' to the types field in your tsconfig.
src/utils/__tests__/validation.test.ts(223,7): error TS2304: Cannot find name 'expect'.
src/utils/__tests__/validation.test.ts(226,5): error TS2593: Cannot find name 'it'. Do you need to install type definitions for a test runner? Try `npm i --save-dev @types/jest` or `npm i --save-dev @types/mocha` and then add 'jest' or 'mocha' to the types field in your tsconfig.
src/utils/__tests__/validation.test.ts(230,7): error TS2304: Cannot find name 'expect'.
src/utils/__tests__/validation.test.ts(233,5): error TS2593: Cannot find name 'it'. Do you need to install type definitions for a test runner? Try `npm i --save-dev @types/jest` or `npm i --save-dev @types/mocha` and then add 'jest' or 'mocha' to the types field in your tsconfig.
src/utils/__tests__/validation.test.ts(235,7): error TS2304: Cannot find name 'expect'.
src/utils/__tests__/validation.test.ts(239,3): error TS2593: Cannot find name 'describe'. Do you need to install type definitions for a test runner? Try `npm i --save-dev @types/jest` or `npm i --save-dev @types/mocha` and then add 'jest' or 'mocha' to the types field in your tsconfig.
src/utils/__tests__/validation.test.ts(240,5): error TS2593: Cannot find name 'it'. Do you need to install type definitions for a test runner? Try `npm i --save-dev @types/jest` or `npm i --save-dev @types/mocha` and then add 'jest' or 'mocha' to the types field in your tsconfig.
src/utils/__tests__/validation.test.ts(242,7): error TS2304: Cannot find name 'expect'.
src/utils/__tests__/validation.test.ts(245,5): error TS2593: Cannot find name 'it'. Do you need to install type definitions for a test runner? Try `npm i --save-dev @types/jest` or `npm i --save-dev @types/mocha` and then add 'jest' or 'mocha' to the types field in your tsconfig.
src/utils/__tests__/validation.test.ts(248,7): error TS2304: Cannot find name 'expect'.
src/utils/__tests__/validation.test.ts(251,5): error TS2593: Cannot find name 'it'. Do you need to install type definitions for a test runner? Try `npm i --save-dev @types/jest` or `npm i --save-dev @types/mocha` and then add 'jest' or 'mocha' to the types field in your tsconfig.
src/utils/__tests__/validation.test.ts(254,7): error TS2304: Cannot find name 'expect'.
src/utils/__tests__/validation.test.ts(257,5): error TS2593: Cannot find name 'it'. Do you need to install type definitions for a test runner? Try `npm i --save-dev @types/jest` or `npm i --save-dev @types/mocha` and then add 'jest' or 'mocha' to the types field in your tsconfig.
src/utils/__tests__/validation.test.ts(259,7): error TS2304: Cannot find name 'expect'.
src/utils/__tests__/validation.test.ts(262,5): error TS2593: Cannot find name 'it'. Do you need to install type definitions for a test runner? Try `npm i --save-dev @types/jest` or `npm i --save-dev @types/mocha` and then add 'jest' or 'mocha' to the types field in your tsconfig.
src/utils/__tests__/validation.test.ts(264,7): error TS2304: Cannot find name 'expect'.
src/utils/__tests__/validation.test.ts(267,5): error TS2593: Cannot find name 'it'. Do you need to install type definitions for a test runner? Try `npm i --save-dev @types/jest` or `npm i --save-dev @types/mocha` and then add 'jest' or 'mocha' to the types field in your tsconfig.
src/utils/__tests__/validation.test.ts(269,7): error TS2304: Cannot find name 'expect'.
src/utils/__tests__/validation.test.ts(272,5): error TS2593: Cannot find name 'it'. Do you need to install type definitions for a test runner? Try `npm i --save-dev @types/jest` or `npm i --save-dev @types/mocha` and then add 'jest' or 'mocha' to the types field in your tsconfig.
src/utils/__tests__/validation.test.ts(274,7): error TS2304: Cannot find name 'expect'.
src/utils/__tests__/validation.test.ts(277,5): error TS2593: Cannot find name 'it'. Do you need to install type definitions for a test runner? Try `npm i --save-dev @types/jest` or `npm i --save-dev @types/mocha` and then add 'jest' or 'mocha' to the types field in your tsconfig.
src/utils/__tests__/validation.test.ts(279,7): error TS2304: Cannot find name 'expect'.
src/utils/__tests__/validation.test.ts(282,5): error TS2593: Cannot find name 'it'. Do you need to install type definitions for a test runner? Try `npm i --save-dev @types/jest` or `npm i --save-dev @types/mocha` and then add 'jest' or 'mocha' to the types field in your tsconfig.
src/utils/__tests__/validation.test.ts(284,7): error TS2304: Cannot find name 'expect'.
src/utils/__tests__/validation.test.ts(287,5): error TS2593: Cannot find name 'it'. Do you need to install type definitions for a test runner? Try `npm i --save-dev @types/jest` or `npm i --save-dev @types/mocha` and then add 'jest' or 'mocha' to the types field in your tsconfig.
src/utils/__tests__/validation.test.ts(289,7): error TS2304: Cannot find name 'expect'.
src/utils/__tests__/validation.test.ts(292,5): error TS2593: Cannot find name 'it'. Do you need to install type definitions for a test runner? Try `npm i --save-dev @types/jest` or `npm i --save-dev @types/mocha` and then add 'jest' or 'mocha' to the types field in your tsconfig.
src/utils/__tests__/validation.test.ts(295,7): error TS2304: Cannot find name 'expect'.
src/utils/__tests__/validation.test.ts(298,5): error TS2593: Cannot find name 'it'. Do you need to install type definitions for a test runner? Try `npm i --save-dev @types/jest` or `npm i --save-dev @types/mocha` and then add 'jest' or 'mocha' to the types field in your tsconfig.
src/utils/__tests__/validation.test.ts(300,7): error TS2304: Cannot find name 'expect'.
src/utils/__tests__/validation.test.ts(304,3): error TS2593: Cannot find name 'describe'. Do you need to install type definitions for a test runner? Try `npm i --save-dev @types/jest` or `npm i --save-dev @types/mocha` and then add 'jest' or 'mocha' to the types field in your tsconfig.
src/utils/__tests__/validation.test.ts(305,5): error TS2593: Cannot find name 'it'. Do you need to install type definitions for a test runner? Try `npm i --save-dev @types/jest` or `npm i --save-dev @types/mocha` and then add 'jest' or 'mocha' to the types field in your tsconfig.
src/utils/__tests__/validation.test.ts(310,7): error TS2304: Cannot find name 'expect'.
src/utils/__tests__/validation.test.ts(311,7): error TS2304: Cannot find name 'expect'.
src/utils/__tests__/validation.test.ts(312,7): error TS2304: Cannot find name 'expect'.
src/utils/__tests__/validation.test.ts(315,5): error TS2593: Cannot find name 'it'. Do you need to install type definitions for a test runner? Try `npm i --save-dev @types/jest` or `npm i --save-dev @types/mocha` and then add 'jest' or 'mocha' to the types field in your tsconfig.
src/utils/__tests__/validation.test.ts(320,7): error TS2304: Cannot find name 'expect'.
src/utils/__tests__/validation.test.ts(321,7): error TS2304: Cannot find name 'expect'.
src/utils/__tests__/validation.test.ts(322,7): error TS2304: Cannot find name 'expect'.
src/utils/__tests__/validation.test.ts(325,5): error TS2593: Cannot find name 'it'. Do you need to install type definitions for a test runner? Try `npm i --save-dev @types/jest` or `npm i --save-dev @types/mocha` and then add 'jest' or 'mocha' to the types field in your tsconfig.
src/utils/__tests__/validation.test.ts(329,7): error TS2304: Cannot find name 'expect'.
src/utils/__tests__/validation.test.ts(332,5): error TS2593: Cannot find name 'it'. Do you need to install type definitions for a test runner? Try `npm i --save-dev @types/jest` or `npm i --save-dev @types/mocha` and then add 'jest' or 'mocha' to the types field in your tsconfig.
src/utils/__tests__/validation.test.ts(335,7): error TS2304: Cannot find name 'expect'.
src/utils/__tests__/validation.test.ts(339,3): error TS2593: Cannot find name 'describe'. Do you need to install type definitions for a test runner? Try `npm i --save-dev @types/jest` or `npm i --save-dev @types/mocha` and then add 'jest' or 'mocha' to the types field in your tsconfig.
src/utils/__tests__/validation.test.ts(340,5): error TS2593: Cannot find name 'it'. Do you need to install type definitions for a test runner? Try `npm i --save-dev @types/jest` or `npm i --save-dev @types/mocha` and then add 'jest' or 'mocha' to the types field in your tsconfig.
src/utils/__tests__/validation.test.ts(342,7): error TS2304: Cannot find name 'expect'.
src/utils/__tests__/validation.test.ts(345,5): error TS2593: Cannot find name 'it'. Do you need to install type definitions for a test runner? Try `npm i --save-dev @types/jest` or `npm i --save-dev @types/mocha` and then add 'jest' or 'mocha' to the types field in your tsconfig.
src/utils/__tests__/validation.test.ts(347,7): error TS2304: Cannot find name 'expect'.
src/utils/__tests__/validation.test.ts(350,5): error TS2593: Cannot find name 'it'. Do you need to install type definitions for a test runner? Try `npm i --save-dev @types/jest` or `npm i --save-dev @types/mocha` and then add 'jest' or 'mocha' to the types field in your tsconfig.
src/utils/__tests__/validation.test.ts(353,7): error TS2304: Cannot find name 'expect'.
src/utils/__tests__/validation.test.ts(356,5): error TS2593: Cannot find name 'it'. Do you need to install type definitions for a test runner? Try `npm i --save-dev @types/jest` or `npm i --save-dev @types/mocha` and then add 'jest' or 'mocha' to the types field in your tsconfig.
src/utils/__tests__/validation.test.ts(359,7): error TS2304: Cannot find name 'expect'.
